<?xml version="1.0" encoding="utf-8" standalone="no"?>
<test-run id="2" testcasecount="127" result="Skipped" label="Ignored" total="127" passed="113" failed="0" inconclusive="0" skipped="14" asserts="60" engine-version="3.4.0.0" clr-version="4.0.30319.42000" start-time="2018-06-23 15:16:35Z" end-time="2018-06-23 15:16:47Z" duration="12.052663">
  <command-line><![CDATA[/Users/ChaseFlorell/Projects/crossql/tools/NUnit.ConsoleRunner.3.4.0/tools/nunit3-console.exe /Users/ChaseFlorell/Projects/crossql/tests/crossql.tests/bin/Release/net462/crossql.tests.dll --result=/Users/ChaseFlorell/Projects/crossql/artifacts/test-results.xml]]></command-line>
  <test-suite type="Assembly" id="0-1190" name="crossql.tests.dll" fullname="/Users/ChaseFlorell/Projects/crossql/tests/crossql.tests/bin/Release/net462/crossql.tests.dll" runstate="Runnable" testcasecount="127" result="Skipped" label="Ignored" site="Child" start-time="2018-06-23 15:16:35Z" end-time="2018-06-23 15:16:47Z" duration="11.941531" total="127" passed="113" failed="0" warnings="0" inconclusive="0" skipped="14" asserts="60">
    <environment framework-version="3.10.1.0" clr-version="4.0.30319.42000" os-version="MacOSX 17.6.0.0" platform="Unix" cwd="/Users/ChaseFlorell/Projects/crossql" machine-name="Frodo" user="ChaseFlorell" user-domain="Frodo" culture="en-CA" uiculture="en-CA" os-architecture="x64" />
    <settings>
      <setting name="WorkDirectory" value="/Users/ChaseFlorell/Projects/crossql" />
      <setting name="ImageRuntimeVersion" value="4.0.30319" />
      <setting name="ImageTargetFrameworkName" value=".NETFramework,Version=v4.6.2" />
      <setting name="ImageRequiresX86" value="False" />
      <setting name="ImageRequiresDefaultAppDomainAssemblyResolver" value="False" />
      <setting name="NumberOfTestWorkers" value="8" />
    </settings>
    <properties>
      <property name="_PID" value="5740" />
      <property name="_APPDOMAIN" value="test-domain-" />
    </properties>
    <reason>
      <message><![CDATA[One or more child tests were ignored]]></message>
    </reason>
    <test-suite type="TestSuite" id="0-1191" name="crossql" fullname="crossql" runstate="Runnable" testcasecount="127" result="Skipped" label="Ignored" site="Child" start-time="2018-06-23 15:16:35Z" end-time="2018-06-23 15:16:47Z" duration="11.928860" total="127" passed="113" failed="0" warnings="0" inconclusive="0" skipped="14" asserts="60">
      <reason>
        <message><![CDATA[One or more child tests were ignored]]></message>
      </reason>
      <test-suite type="TestSuite" id="0-1192" name="tests" fullname="crossql.tests" runstate="Runnable" testcasecount="127" result="Skipped" label="Ignored" site="Child" start-time="2018-06-23 15:16:35Z" end-time="2018-06-23 15:16:47Z" duration="11.928464" total="127" passed="113" failed="0" warnings="0" inconclusive="0" skipped="14" asserts="60">
        <reason>
          <message><![CDATA[One or more child tests were ignored]]></message>
        </reason>
        <test-suite type="TestSuite" id="0-1196" name="Integration" fullname="crossql.tests.Integration" runstate="Runnable" testcasecount="70" result="Skipped" label="Ignored" site="Child" start-time="2018-06-23 15:16:35Z" end-time="2018-06-23 15:16:47Z" duration="11.887501" total="70" passed="58" failed="0" warnings="0" inconclusive="0" skipped="12" asserts="12">
          <reason>
            <message><![CDATA[One or more child tests were ignored]]></message>
          </reason>
          <test-suite type="TestFixture" id="0-1077" name="InflectionTests" fullname="crossql.tests.Integration.InflectionTests" classname="crossql.tests.Integration.InflectionTests" runstate="Runnable" testcasecount="2" result="Passed" start-time="2018-06-23 15:16:35Z" end-time="2018-06-23 15:16:37Z" duration="1.585514" total="2" passed="2" failed="0" warnings="0" inconclusive="0" skipped="0" asserts="0">
            <test-suite type="ParameterizedMethod" id="0-1080" name="Should_Do_Crud_On_Model_Object_With_Inflected_Pluralization" fullname="crossql.tests.Integration.InflectionTests.Should_Do_Crud_On_Model_Object_With_Inflected_Pluralization" classname="crossql.tests.Integration.InflectionTests" runstate="Runnable" testcasecount="2" result="Passed" start-time="2018-06-23 15:16:37Z" end-time="2018-06-23 15:16:37Z" duration="0.113028" total="2" passed="2" failed="0" warnings="0" inconclusive="0" skipped="0" asserts="0">
              <test-case id="0-1078" name="Should_Do_Crud_On_Model_Object_With_Inflected_Pluralization(crossql.sqlite.DbProvider)" fullname="crossql.tests.Integration.InflectionTests.Should_Do_Crud_On_Model_Object_With_Inflected_Pluralization(crossql.sqlite.DbProvider)" methodname="Should_Do_Crud_On_Model_Object_With_Inflected_Pluralization" classname="crossql.tests.Integration.InflectionTests" runstate="Runnable" seed="1934964880" result="Passed" start-time="2018-06-23 15:16:37Z" end-time="2018-06-23 15:16:37Z" duration="0.073580" asserts="0" />
              <test-case id="0-1079" name="Should_Do_Crud_On_Model_Object_With_Inflected_Pluralization(crossql.mssqlserver.DbProvider)" fullname="crossql.tests.Integration.InflectionTests.Should_Do_Crud_On_Model_Object_With_Inflected_Pluralization(crossql.mssqlserver.DbProvider)" methodname="Should_Do_Crud_On_Model_Object_With_Inflected_Pluralization" classname="crossql.tests.Integration.InflectionTests" runstate="Runnable" seed="232818123" result="Passed" start-time="2018-06-23 15:16:37Z" end-time="2018-06-23 15:16:37Z" duration="0.033535" asserts="0" />
            </test-suite>
          </test-suite>
          <test-suite type="TestFixture" id="0-1081" name="IntegrationTests" fullname="crossql.tests.Integration.IntegrationTests" classname="crossql.tests.Integration.IntegrationTests" runstate="Runnable" testcasecount="22" result="Skipped" label="Ignored" site="Child" start-time="2018-06-23 15:16:37Z" end-time="2018-06-23 15:16:38Z" duration="0.948802" total="22" passed="10" failed="0" warnings="0" inconclusive="0" skipped="12" asserts="12">
            <reason>
              <message><![CDATA[One or more child tests were ignored]]></message>
            </reason>
            <test-suite type="ParameterizedMethod" id="0-1099" name="ShouldCreateBookWithReferenceToItsAuthor" fullname="crossql.tests.Integration.IntegrationTests.ShouldCreateBookWithReferenceToItsAuthor" classname="crossql.tests.Integration.IntegrationTests" runstate="Ignored" testcasecount="2" result="Skipped" label="Ignored" site="SetUp" start-time="2018-06-23 15:16:38Z" end-time="2018-06-23 15:16:38Z" duration="0.001446" total="2" passed="0" failed="0" warnings="0" inconclusive="0" skipped="2" asserts="0">
              <properties>
                <property name="_SKIPREASON" value="Aarg, gotta figure this out" />
              </properties>
              <reason>
                <message><![CDATA[Aarg, gotta figure this out]]></message>
              </reason>
              <test-case id="0-1097" name="ShouldCreateBookWithReferenceToItsAuthor(crossql.sqlite.DbProvider)" fullname="crossql.tests.Integration.IntegrationTests.ShouldCreateBookWithReferenceToItsAuthor(crossql.sqlite.DbProvider)" methodname="ShouldCreateBookWithReferenceToItsAuthor" classname="crossql.tests.Integration.IntegrationTests" runstate="Runnable" seed="1909886339" result="Skipped" label="Ignored" site="Parent" start-time="0001-01-01 00:00:00Z" end-time="0001-01-01 00:00:00Z" duration="0.000000" asserts="0">
                <reason>
                  <message><![CDATA[OneTimeSetUp: Aarg, gotta figure this out]]></message>
                </reason>
              </test-case>
              <test-case id="0-1098" name="ShouldCreateBookWithReferenceToItsAuthor(crossql.mssqlserver.DbProvider)" fullname="crossql.tests.Integration.IntegrationTests.ShouldCreateBookWithReferenceToItsAuthor(crossql.mssqlserver.DbProvider)" methodname="ShouldCreateBookWithReferenceToItsAuthor" classname="crossql.tests.Integration.IntegrationTests" runstate="Runnable" seed="198558120" result="Skipped" label="Ignored" site="Parent" start-time="0001-01-01 00:00:00Z" end-time="0001-01-01 00:00:00Z" duration="0.000000" asserts="0">
                <reason>
                  <message><![CDATA[OneTimeSetUp: Aarg, gotta figure this out]]></message>
                </reason>
              </test-case>
            </test-suite>
            <test-suite type="ParameterizedMethod" id="0-1084" name="ShouldDeleteAUserByEmailAddress" fullname="crossql.tests.Integration.IntegrationTests.ShouldDeleteAUserByEmailAddress" classname="crossql.tests.Integration.IntegrationTests" runstate="Runnable" testcasecount="2" result="Passed" start-time="2018-06-23 15:16:38Z" end-time="2018-06-23 15:16:38Z" duration="0.026259" total="2" passed="2" failed="0" warnings="0" inconclusive="0" skipped="0" asserts="2">
              <test-case id="0-1082" name="ShouldDeleteAUserByEmailAddress(crossql.sqlite.DbProvider)" fullname="crossql.tests.Integration.IntegrationTests.ShouldDeleteAUserByEmailAddress(crossql.sqlite.DbProvider)" methodname="ShouldDeleteAUserByEmailAddress" classname="crossql.tests.Integration.IntegrationTests" runstate="Runnable" seed="916942959" result="Passed" start-time="2018-06-23 15:16:38Z" end-time="2018-06-23 15:16:38Z" duration="0.011191" asserts="1" />
              <test-case id="0-1083" name="ShouldDeleteAUserByEmailAddress(crossql.mssqlserver.DbProvider)" fullname="crossql.tests.Integration.IntegrationTests.ShouldDeleteAUserByEmailAddress(crossql.mssqlserver.DbProvider)" methodname="ShouldDeleteAUserByEmailAddress" classname="crossql.tests.Integration.IntegrationTests" runstate="Runnable" seed="743008757" result="Passed" start-time="2018-06-23 15:16:38Z" end-time="2018-06-23 15:16:38Z" duration="0.014859" asserts="1" />
            </test-suite>
            <test-suite type="ParameterizedMethod" id="0-1087" name="ShouldDoCrud" fullname="crossql.tests.Integration.IntegrationTests.ShouldDoCrud" classname="crossql.tests.Integration.IntegrationTests" runstate="Ignored" testcasecount="2" result="Skipped" label="Ignored" site="SetUp" start-time="2018-06-23 15:16:38Z" end-time="2018-06-23 15:16:38Z" duration="0.000020" total="2" passed="0" failed="0" warnings="0" inconclusive="0" skipped="2" asserts="0">
              <properties>
                <property name="_SKIPREASON" value="Aarg, gotta figure this out" />
              </properties>
              <reason>
                <message><![CDATA[Aarg, gotta figure this out]]></message>
              </reason>
              <test-case id="0-1085" name="ShouldDoCrud(crossql.sqlite.DbProvider)" fullname="crossql.tests.Integration.IntegrationTests.ShouldDoCrud(crossql.sqlite.DbProvider)" methodname="ShouldDoCrud" classname="crossql.tests.Integration.IntegrationTests" runstate="Runnable" seed="1100321872" result="Skipped" label="Ignored" site="Parent" start-time="0001-01-01 00:00:00Z" end-time="0001-01-01 00:00:00Z" duration="0.000000" asserts="0">
                <reason>
                  <message><![CDATA[OneTimeSetUp: Aarg, gotta figure this out]]></message>
                </reason>
              </test-case>
              <test-case id="0-1086" name="ShouldDoCrud(crossql.mssqlserver.DbProvider)" fullname="crossql.tests.Integration.IntegrationTests.ShouldDoCrud(crossql.mssqlserver.DbProvider)" methodname="ShouldDoCrud" classname="crossql.tests.Integration.IntegrationTests" runstate="Runnable" seed="892308567" result="Skipped" label="Ignored" site="Parent" start-time="0001-01-01 00:00:00Z" end-time="0001-01-01 00:00:00Z" duration="0.000000" asserts="0">
                <reason>
                  <message><![CDATA[OneTimeSetUp: Aarg, gotta figure this out]]></message>
                </reason>
              </test-case>
            </test-suite>
            <test-suite type="ParameterizedMethod" id="0-1090" name="ShouldDoCrudWithGeese" fullname="crossql.tests.Integration.IntegrationTests.ShouldDoCrudWithGeese" classname="crossql.tests.Integration.IntegrationTests" runstate="Ignored" testcasecount="2" result="Skipped" label="Ignored" site="SetUp" start-time="2018-06-23 15:16:38Z" end-time="2018-06-23 15:16:38Z" duration="0.000009" total="2" passed="0" failed="0" warnings="0" inconclusive="0" skipped="2" asserts="0">
              <properties>
                <property name="_SKIPREASON" value="Aarg, gotta figure this out" />
              </properties>
              <reason>
                <message><![CDATA[Aarg, gotta figure this out]]></message>
              </reason>
              <test-case id="0-1088" name="ShouldDoCrudWithGeese(crossql.sqlite.DbProvider)" fullname="crossql.tests.Integration.IntegrationTests.ShouldDoCrudWithGeese(crossql.sqlite.DbProvider)" methodname="ShouldDoCrudWithGeese" classname="crossql.tests.Integration.IntegrationTests" runstate="Runnable" seed="451683092" result="Skipped" label="Ignored" site="Parent" start-time="0001-01-01 00:00:00Z" end-time="0001-01-01 00:00:00Z" duration="0.000000" asserts="0">
                <reason>
                  <message><![CDATA[OneTimeSetUp: Aarg, gotta figure this out]]></message>
                </reason>
              </test-case>
              <test-case id="0-1089" name="ShouldDoCrudWithGeese(crossql.mssqlserver.DbProvider)" fullname="crossql.tests.Integration.IntegrationTests.ShouldDoCrudWithGeese(crossql.mssqlserver.DbProvider)" methodname="ShouldDoCrudWithGeese" classname="crossql.tests.Integration.IntegrationTests" runstate="Runnable" seed="1574812510" result="Skipped" label="Ignored" site="Parent" start-time="0001-01-01 00:00:00Z" end-time="0001-01-01 00:00:00Z" duration="0.000000" asserts="0">
                <reason>
                  <message><![CDATA[OneTimeSetUp: Aarg, gotta figure this out]]></message>
                </reason>
              </test-case>
            </test-suite>
            <test-suite type="ParameterizedMethod" id="0-1096" name="ShouldFindUsersUsingSameFieldTwice" fullname="crossql.tests.Integration.IntegrationTests.ShouldFindUsersUsingSameFieldTwice" classname="crossql.tests.Integration.IntegrationTests" runstate="Ignored" testcasecount="2" result="Skipped" label="Ignored" site="SetUp" start-time="2018-06-23 15:16:38Z" end-time="2018-06-23 15:16:38Z" duration="0.000007" total="2" passed="0" failed="0" warnings="0" inconclusive="0" skipped="2" asserts="0">
              <properties>
                <property name="_SKIPREASON" value="Aarg, gotta figure this out" />
              </properties>
              <reason>
                <message><![CDATA[Aarg, gotta figure this out]]></message>
              </reason>
              <test-case id="0-1094" name="ShouldFindUsersUsingSameFieldTwice(crossql.sqlite.DbProvider)" fullname="crossql.tests.Integration.IntegrationTests.ShouldFindUsersUsingSameFieldTwice(crossql.sqlite.DbProvider)" methodname="ShouldFindUsersUsingSameFieldTwice" classname="crossql.tests.Integration.IntegrationTests" runstate="Runnable" seed="1066541775" result="Skipped" label="Ignored" site="Parent" start-time="0001-01-01 00:00:00Z" end-time="0001-01-01 00:00:00Z" duration="0.000000" asserts="0">
                <reason>
                  <message><![CDATA[OneTimeSetUp: Aarg, gotta figure this out]]></message>
                </reason>
              </test-case>
              <test-case id="0-1095" name="ShouldFindUsersUsingSameFieldTwice(crossql.mssqlserver.DbProvider)" fullname="crossql.tests.Integration.IntegrationTests.ShouldFindUsersUsingSameFieldTwice(crossql.mssqlserver.DbProvider)" methodname="ShouldFindUsersUsingSameFieldTwice" classname="crossql.tests.Integration.IntegrationTests" runstate="Runnable" seed="1362827711" result="Skipped" label="Ignored" site="Parent" start-time="0001-01-01 00:00:00Z" end-time="0001-01-01 00:00:00Z" duration="0.000000" asserts="0">
                <reason>
                  <message><![CDATA[OneTimeSetUp: Aarg, gotta figure this out]]></message>
                </reason>
              </test-case>
            </test-suite>
            <test-suite type="ParameterizedMethod" id="0-1102" name="ShouldFindUsersWithLikeAndEqualsComparers" fullname="crossql.tests.Integration.IntegrationTests.ShouldFindUsersWithLikeAndEqualsComparers" classname="crossql.tests.Integration.IntegrationTests" runstate="Ignored" testcasecount="2" result="Skipped" label="Ignored" site="SetUp" start-time="2018-06-23 15:16:38Z" end-time="2018-06-23 15:16:38Z" duration="0.000008" total="2" passed="0" failed="0" warnings="0" inconclusive="0" skipped="2" asserts="0">
              <properties>
                <property name="_SKIPREASON" value="Aarg, gotta figure this out" />
              </properties>
              <reason>
                <message><![CDATA[Aarg, gotta figure this out]]></message>
              </reason>
              <test-case id="0-1100" name="ShouldFindUsersWithLikeAndEqualsComparers(crossql.sqlite.DbProvider)" fullname="crossql.tests.Integration.IntegrationTests.ShouldFindUsersWithLikeAndEqualsComparers(crossql.sqlite.DbProvider)" methodname="ShouldFindUsersWithLikeAndEqualsComparers" classname="crossql.tests.Integration.IntegrationTests" runstate="Runnable" seed="1001549924" result="Skipped" label="Ignored" site="Parent" start-time="0001-01-01 00:00:00Z" end-time="0001-01-01 00:00:00Z" duration="0.000000" asserts="0">
                <reason>
                  <message><![CDATA[OneTimeSetUp: Aarg, gotta figure this out]]></message>
                </reason>
              </test-case>
              <test-case id="0-1101" name="ShouldFindUsersWithLikeAndEqualsComparers(crossql.mssqlserver.DbProvider)" fullname="crossql.tests.Integration.IntegrationTests.ShouldFindUsersWithLikeAndEqualsComparers(crossql.mssqlserver.DbProvider)" methodname="ShouldFindUsersWithLikeAndEqualsComparers" classname="crossql.tests.Integration.IntegrationTests" runstate="Runnable" seed="191161983" result="Skipped" label="Ignored" site="Parent" start-time="0001-01-01 00:00:00Z" end-time="0001-01-01 00:00:00Z" duration="0.000000" asserts="0">
                <reason>
                  <message><![CDATA[OneTimeSetUp: Aarg, gotta figure this out]]></message>
                </reason>
              </test-case>
            </test-suite>
            <test-suite type="ParameterizedMethod" id="0-1093" name="ShouldFindUserWithDateComparer" fullname="crossql.tests.Integration.IntegrationTests.ShouldFindUserWithDateComparer" classname="crossql.tests.Integration.IntegrationTests" runstate="Ignored" testcasecount="2" result="Skipped" label="Ignored" site="SetUp" start-time="2018-06-23 15:16:38Z" end-time="2018-06-23 15:16:38Z" duration="0.000010" total="2" passed="0" failed="0" warnings="0" inconclusive="0" skipped="2" asserts="0">
              <properties>
                <property name="_SKIPREASON" value="Aarg, gotta figure this out" />
              </properties>
              <reason>
                <message><![CDATA[Aarg, gotta figure this out]]></message>
              </reason>
              <test-case id="0-1091" name="ShouldFindUserWithDateComparer(crossql.sqlite.DbProvider)" fullname="crossql.tests.Integration.IntegrationTests.ShouldFindUserWithDateComparer(crossql.sqlite.DbProvider)" methodname="ShouldFindUserWithDateComparer" classname="crossql.tests.Integration.IntegrationTests" runstate="Runnable" seed="2120475411" result="Skipped" label="Ignored" site="Parent" start-time="0001-01-01 00:00:00Z" end-time="0001-01-01 00:00:00Z" duration="0.000000" asserts="0">
                <reason>
                  <message><![CDATA[OneTimeSetUp: Aarg, gotta figure this out]]></message>
                </reason>
              </test-case>
              <test-case id="0-1092" name="ShouldFindUserWithDateComparer(crossql.mssqlserver.DbProvider)" fullname="crossql.tests.Integration.IntegrationTests.ShouldFindUserWithDateComparer(crossql.mssqlserver.DbProvider)" methodname="ShouldFindUserWithDateComparer" classname="crossql.tests.Integration.IntegrationTests" runstate="Runnable" seed="689548092" result="Skipped" label="Ignored" site="Parent" start-time="0001-01-01 00:00:00Z" end-time="0001-01-01 00:00:00Z" duration="0.000000" asserts="0">
                <reason>
                  <message><![CDATA[OneTimeSetUp: Aarg, gotta figure this out]]></message>
                </reason>
              </test-case>
            </test-suite>
            <test-suite type="ParameterizedMethod" id="0-1105" name="ShouldGetAllUsers" fullname="crossql.tests.Integration.IntegrationTests.ShouldGetAllUsers" classname="crossql.tests.Integration.IntegrationTests" runstate="Runnable" testcasecount="2" result="Passed" start-time="2018-06-23 15:16:38Z" end-time="2018-06-23 15:16:38Z" duration="0.010057" total="2" passed="2" failed="0" warnings="0" inconclusive="0" skipped="0" asserts="2">
              <test-case id="0-1103" name="ShouldGetAllUsers(crossql.sqlite.DbProvider)" fullname="crossql.tests.Integration.IntegrationTests.ShouldGetAllUsers(crossql.sqlite.DbProvider)" methodname="ShouldGetAllUsers" classname="crossql.tests.Integration.IntegrationTests" runstate="Runnable" seed="1027044249" result="Passed" start-time="2018-06-23 15:16:38Z" end-time="2018-06-23 15:16:38Z" duration="0.006954" asserts="1" />
              <test-case id="0-1104" name="ShouldGetAllUsers(crossql.mssqlserver.DbProvider)" fullname="crossql.tests.Integration.IntegrationTests.ShouldGetAllUsers(crossql.mssqlserver.DbProvider)" methodname="ShouldGetAllUsers" classname="crossql.tests.Integration.IntegrationTests" runstate="Runnable" seed="1211461806" result="Passed" start-time="2018-06-23 15:16:38Z" end-time="2018-06-23 15:16:38Z" duration="0.002929" asserts="1" />
            </test-suite>
            <test-suite type="ParameterizedMethod" id="0-1108" name="ShouldGetUserById" fullname="crossql.tests.Integration.IntegrationTests.ShouldGetUserById" classname="crossql.tests.Integration.IntegrationTests" runstate="Runnable" testcasecount="2" result="Passed" start-time="2018-06-23 15:16:38Z" end-time="2018-06-23 15:16:38Z" duration="0.018728" total="2" passed="2" failed="0" warnings="0" inconclusive="0" skipped="0" asserts="4">
              <test-case id="0-1106" name="ShouldGetUserById(crossql.sqlite.DbProvider)" fullname="crossql.tests.Integration.IntegrationTests.ShouldGetUserById(crossql.sqlite.DbProvider)" methodname="ShouldGetUserById" classname="crossql.tests.Integration.IntegrationTests" runstate="Runnable" seed="224791009" result="Passed" start-time="2018-06-23 15:16:38Z" end-time="2018-06-23 15:16:38Z" duration="0.012589" asserts="2" />
              <test-case id="0-1107" name="ShouldGetUserById(crossql.mssqlserver.DbProvider)" fullname="crossql.tests.Integration.IntegrationTests.ShouldGetUserById(crossql.mssqlserver.DbProvider)" methodname="ShouldGetUserById" classname="crossql.tests.Integration.IntegrationTests" runstate="Runnable" seed="1778564579" result="Passed" start-time="2018-06-23 15:16:38Z" end-time="2018-06-23 15:16:38Z" duration="0.005956" asserts="2" />
            </test-suite>
            <test-suite type="ParameterizedMethod" id="0-1114" name="ShouldReturnMinDateTimeFromEmptyTable" fullname="crossql.tests.Integration.IntegrationTests.ShouldReturnMinDateTimeFromEmptyTable" classname="crossql.tests.Integration.IntegrationTests" runstate="Runnable" testcasecount="2" result="Passed" start-time="2018-06-23 15:16:38Z" end-time="2018-06-23 15:16:38Z" duration="0.014278" total="2" passed="2" failed="0" warnings="0" inconclusive="0" skipped="0" asserts="2">
              <test-case id="0-1112" name="ShouldReturnMinDateTimeFromEmptyTable(crossql.sqlite.DbProvider)" fullname="crossql.tests.Integration.IntegrationTests.ShouldReturnMinDateTimeFromEmptyTable(crossql.sqlite.DbProvider)" methodname="ShouldReturnMinDateTimeFromEmptyTable" classname="crossql.tests.Integration.IntegrationTests" runstate="Runnable" seed="481913341" result="Passed" start-time="2018-06-23 15:16:38Z" end-time="2018-06-23 15:16:38Z" duration="0.006674" asserts="1" />
              <test-case id="0-1113" name="ShouldReturnMinDateTimeFromEmptyTable(crossql.mssqlserver.DbProvider)" fullname="crossql.tests.Integration.IntegrationTests.ShouldReturnMinDateTimeFromEmptyTable(crossql.mssqlserver.DbProvider)" methodname="ShouldReturnMinDateTimeFromEmptyTable" classname="crossql.tests.Integration.IntegrationTests" runstate="Runnable" seed="1180371141" result="Passed" start-time="2018-06-23 15:16:38Z" end-time="2018-06-23 15:16:38Z" duration="0.007454" asserts="1" />
            </test-suite>
            <test-suite type="ParameterizedMethod" id="0-1111" name="ShouldSelectMaxCreatedDate" fullname="crossql.tests.Integration.IntegrationTests.ShouldSelectMaxCreatedDate" classname="crossql.tests.Integration.IntegrationTests" runstate="Runnable" testcasecount="2" result="Passed" start-time="2018-06-23 15:16:38Z" end-time="2018-06-23 15:16:38Z" duration="0.005191" total="2" passed="2" failed="0" warnings="0" inconclusive="0" skipped="0" asserts="2">
              <test-case id="0-1109" name="ShouldSelectMaxCreatedDate(crossql.sqlite.DbProvider)" fullname="crossql.tests.Integration.IntegrationTests.ShouldSelectMaxCreatedDate(crossql.sqlite.DbProvider)" methodname="ShouldSelectMaxCreatedDate" classname="crossql.tests.Integration.IntegrationTests" runstate="Runnable" seed="222460038" result="Passed" start-time="2018-06-23 15:16:38Z" end-time="2018-06-23 15:16:38Z" duration="0.002618" asserts="1" />
              <test-case id="0-1110" name="ShouldSelectMaxCreatedDate(crossql.mssqlserver.DbProvider)" fullname="crossql.tests.Integration.IntegrationTests.ShouldSelectMaxCreatedDate(crossql.mssqlserver.DbProvider)" methodname="ShouldSelectMaxCreatedDate" classname="crossql.tests.Integration.IntegrationTests" runstate="Runnable" seed="1312742174" result="Passed" start-time="2018-06-23 15:16:38Z" end-time="2018-06-23 15:16:38Z" duration="0.002363" asserts="1" />
            </test-suite>
          </test-suite>
          <test-suite type="TestFixture" id="0-1115" name="ManyToManyTests" fullname="crossql.tests.Integration.ManyToManyTests" classname="crossql.tests.Integration.ManyToManyTests" runstate="Runnable" testcasecount="6" result="Passed" start-time="2018-06-23 15:16:38Z" end-time="2018-06-23 15:16:39Z" duration="1.113925" total="6" passed="6" failed="0" warnings="0" inconclusive="0" skipped="0" asserts="0">
            <test-suite type="ParameterizedMethod" id="0-1121" name="Should_Add_Records_To_ManyToMany_Relationship" fullname="crossql.tests.Integration.ManyToManyTests.Should_Add_Records_To_ManyToMany_Relationship" classname="crossql.tests.Integration.ManyToManyTests" runstate="Runnable" testcasecount="2" result="Passed" start-time="2018-06-23 15:16:39Z" end-time="2018-06-23 15:16:39Z" duration="0.140769" total="2" passed="2" failed="0" warnings="0" inconclusive="0" skipped="0" asserts="0">
              <test-case id="0-1119" name="Should_Add_Records_To_ManyToMany_Relationship(crossql.sqlite.DbProvider)" fullname="crossql.tests.Integration.ManyToManyTests.Should_Add_Records_To_ManyToMany_Relationship(crossql.sqlite.DbProvider)" methodname="Should_Add_Records_To_ManyToMany_Relationship" classname="crossql.tests.Integration.ManyToManyTests" runstate="Runnable" seed="359607565" result="Passed" start-time="2018-06-23 15:16:39Z" end-time="2018-06-23 15:16:39Z" duration="0.096539" asserts="0" />
              <test-case id="0-1120" name="Should_Add_Records_To_ManyToMany_Relationship(crossql.mssqlserver.DbProvider)" fullname="crossql.tests.Integration.ManyToManyTests.Should_Add_Records_To_ManyToMany_Relationship(crossql.mssqlserver.DbProvider)" methodname="Should_Add_Records_To_ManyToMany_Relationship" classname="crossql.tests.Integration.ManyToManyTests" runstate="Runnable" seed="991717498" result="Passed" start-time="2018-06-23 15:16:39Z" end-time="2018-06-23 15:16:39Z" duration="0.044011" asserts="0" />
            </test-suite>
            <test-suite type="ParameterizedMethod" id="0-1118" name="Should_Create_Records_With_ManyToMany_Relationships" fullname="crossql.tests.Integration.ManyToManyTests.Should_Create_Records_With_ManyToMany_Relationships" classname="crossql.tests.Integration.ManyToManyTests" runstate="Runnable" testcasecount="2" result="Passed" start-time="2018-06-23 15:16:39Z" end-time="2018-06-23 15:16:39Z" duration="0.036968" total="2" passed="2" failed="0" warnings="0" inconclusive="0" skipped="0" asserts="0">
              <test-case id="0-1116" name="Should_Create_Records_With_ManyToMany_Relationships(crossql.sqlite.DbProvider)" fullname="crossql.tests.Integration.ManyToManyTests.Should_Create_Records_With_ManyToMany_Relationships(crossql.sqlite.DbProvider)" methodname="Should_Create_Records_With_ManyToMany_Relationships" classname="crossql.tests.Integration.ManyToManyTests" runstate="Runnable" seed="483140786" result="Passed" start-time="2018-06-23 15:16:39Z" end-time="2018-06-23 15:16:39Z" duration="0.015636" asserts="0" />
              <test-case id="0-1117" name="Should_Create_Records_With_ManyToMany_Relationships(crossql.mssqlserver.DbProvider)" fullname="crossql.tests.Integration.ManyToManyTests.Should_Create_Records_With_ManyToMany_Relationships(crossql.mssqlserver.DbProvider)" methodname="Should_Create_Records_With_ManyToMany_Relationships" classname="crossql.tests.Integration.ManyToManyTests" runstate="Runnable" seed="1685200800" result="Passed" start-time="2018-06-23 15:16:39Z" end-time="2018-06-23 15:16:39Z" duration="0.021130" asserts="0" />
            </test-suite>
            <test-suite type="ParameterizedMethod" id="0-1124" name="Should_Remove_Records_From_ManyToMany_Relationship" fullname="crossql.tests.Integration.ManyToManyTests.Should_Remove_Records_From_ManyToMany_Relationship" classname="crossql.tests.Integration.ManyToManyTests" runstate="Runnable" testcasecount="2" result="Passed" start-time="2018-06-23 15:16:39Z" end-time="2018-06-23 15:16:39Z" duration="0.047144" total="2" passed="2" failed="0" warnings="0" inconclusive="0" skipped="0" asserts="0">
              <test-case id="0-1122" name="Should_Remove_Records_From_ManyToMany_Relationship(crossql.sqlite.DbProvider)" fullname="crossql.tests.Integration.ManyToManyTests.Should_Remove_Records_From_ManyToMany_Relationship(crossql.sqlite.DbProvider)" methodname="Should_Remove_Records_From_ManyToMany_Relationship" classname="crossql.tests.Integration.ManyToManyTests" runstate="Runnable" seed="1767486056" result="Passed" start-time="2018-06-23 15:16:39Z" end-time="2018-06-23 15:16:39Z" duration="0.020603" asserts="0" />
              <test-case id="0-1123" name="Should_Remove_Records_From_ManyToMany_Relationship(crossql.mssqlserver.DbProvider)" fullname="crossql.tests.Integration.ManyToManyTests.Should_Remove_Records_From_ManyToMany_Relationship(crossql.mssqlserver.DbProvider)" methodname="Should_Remove_Records_From_ManyToMany_Relationship" classname="crossql.tests.Integration.ManyToManyTests" runstate="Runnable" seed="329460425" result="Passed" start-time="2018-06-23 15:16:39Z" end-time="2018-06-23 15:16:39Z" duration="0.026375" asserts="0" />
            </test-suite>
          </test-suite>
          <test-suite type="TestFixture" id="0-1125" name="ManyToManyTransactionTests" fullname="crossql.tests.Integration.ManyToManyTransactionTests" classname="crossql.tests.Integration.ManyToManyTransactionTests" runstate="Runnable" testcasecount="6" result="Passed" start-time="2018-06-23 15:16:39Z" end-time="2018-06-23 15:16:40Z" duration="0.990752" total="6" passed="6" failed="0" warnings="0" inconclusive="0" skipped="0" asserts="0">
            <test-suite type="ParameterizedMethod" id="0-1131" name="Should_Add_Records_To_ManyToMany_Relationship_Using_Transactions" fullname="crossql.tests.Integration.ManyToManyTransactionTests.Should_Add_Records_To_ManyToMany_Relationship_Using_Transactions" classname="crossql.tests.Integration.ManyToManyTransactionTests" runstate="Runnable" testcasecount="2" result="Passed" start-time="2018-06-23 15:16:40Z" end-time="2018-06-23 15:16:40Z" duration="0.075420" total="2" passed="2" failed="0" warnings="0" inconclusive="0" skipped="0" asserts="0">
              <test-case id="0-1129" name="Should_Add_Records_To_ManyToMany_Relationship_Using_Transactions(crossql.sqlite.DbProvider)" fullname="crossql.tests.Integration.ManyToManyTransactionTests.Should_Add_Records_To_ManyToMany_Relationship_Using_Transactions(crossql.sqlite.DbProvider)" methodname="Should_Add_Records_To_ManyToMany_Relationship_Using_Transactions" classname="crossql.tests.Integration.ManyToManyTransactionTests" runstate="Runnable" seed="809153273" result="Passed" start-time="2018-06-23 15:16:40Z" end-time="2018-06-23 15:16:40Z" duration="0.016352" asserts="0" />
              <test-case id="0-1130" name="Should_Add_Records_To_ManyToMany_Relationship_Using_Transactions(crossql.mssqlserver.DbProvider)" fullname="crossql.tests.Integration.ManyToManyTransactionTests.Should_Add_Records_To_ManyToMany_Relationship_Using_Transactions(crossql.mssqlserver.DbProvider)" methodname="Should_Add_Records_To_ManyToMany_Relationship_Using_Transactions" classname="crossql.tests.Integration.ManyToManyTransactionTests" runstate="Runnable" seed="365196719" result="Passed" start-time="2018-06-23 15:16:40Z" end-time="2018-06-23 15:16:40Z" duration="0.058805" asserts="0" />
            </test-suite>
            <test-suite type="ParameterizedMethod" id="0-1128" name="Should_Create_Records_With_ManyToMany_Relationships_Using_Transactions" fullname="crossql.tests.Integration.ManyToManyTransactionTests.Should_Create_Records_With_ManyToMany_Relationships_Using_Transactions" classname="crossql.tests.Integration.ManyToManyTransactionTests" runstate="Runnable" testcasecount="2" result="Passed" start-time="2018-06-23 15:16:40Z" end-time="2018-06-23 15:16:40Z" duration="0.030310" total="2" passed="2" failed="0" warnings="0" inconclusive="0" skipped="0" asserts="0">
              <test-case id="0-1126" name="Should_Create_Records_With_ManyToMany_Relationships_Using_Transactions(crossql.sqlite.DbProvider)" fullname="crossql.tests.Integration.ManyToManyTransactionTests.Should_Create_Records_With_ManyToMany_Relationships_Using_Transactions(crossql.sqlite.DbProvider)" methodname="Should_Create_Records_With_ManyToMany_Relationships_Using_Transactions" classname="crossql.tests.Integration.ManyToManyTransactionTests" runstate="Runnable" seed="1210601845" result="Passed" start-time="2018-06-23 15:16:40Z" end-time="2018-06-23 15:16:40Z" duration="0.011225" asserts="0" />
              <test-case id="0-1127" name="Should_Create_Records_With_ManyToMany_Relationships_Using_Transactions(crossql.mssqlserver.DbProvider)" fullname="crossql.tests.Integration.ManyToManyTransactionTests.Should_Create_Records_With_ManyToMany_Relationships_Using_Transactions(crossql.mssqlserver.DbProvider)" methodname="Should_Create_Records_With_ManyToMany_Relationships_Using_Transactions" classname="crossql.tests.Integration.ManyToManyTransactionTests" runstate="Runnable" seed="2027200235" result="Passed" start-time="2018-06-23 15:16:40Z" end-time="2018-06-23 15:16:40Z" duration="0.018874" asserts="0" />
            </test-suite>
            <test-suite type="ParameterizedMethod" id="0-1134" name="Should_Remove_Records_From_ManyToMany_Relationship_Using_Transactions" fullname="crossql.tests.Integration.ManyToManyTransactionTests.Should_Remove_Records_From_ManyToMany_Relationship_Using_Transactions" classname="crossql.tests.Integration.ManyToManyTransactionTests" runstate="Runnable" testcasecount="2" result="Passed" start-time="2018-06-23 15:16:40Z" end-time="2018-06-23 15:16:40Z" duration="0.033813" total="2" passed="2" failed="0" warnings="0" inconclusive="0" skipped="0" asserts="0">
              <test-case id="0-1132" name="Should_Remove_Records_From_ManyToMany_Relationship_Using_Transactions(crossql.sqlite.DbProvider)" fullname="crossql.tests.Integration.ManyToManyTransactionTests.Should_Remove_Records_From_ManyToMany_Relationship_Using_Transactions(crossql.sqlite.DbProvider)" methodname="Should_Remove_Records_From_ManyToMany_Relationship_Using_Transactions" classname="crossql.tests.Integration.ManyToManyTransactionTests" runstate="Runnable" seed="1764739829" result="Passed" start-time="2018-06-23 15:16:40Z" end-time="2018-06-23 15:16:40Z" duration="0.011774" asserts="0" />
              <test-case id="0-1133" name="Should_Remove_Records_From_ManyToMany_Relationship_Using_Transactions(crossql.mssqlserver.DbProvider)" fullname="crossql.tests.Integration.ManyToManyTransactionTests.Should_Remove_Records_From_ManyToMany_Relationship_Using_Transactions(crossql.mssqlserver.DbProvider)" methodname="Should_Remove_Records_From_ManyToMany_Relationship_Using_Transactions" classname="crossql.tests.Integration.ManyToManyTransactionTests" runstate="Runnable" seed="957248279" result="Passed" start-time="2018-06-23 15:16:40Z" end-time="2018-06-23 15:16:40Z" duration="0.021804" asserts="0" />
            </test-suite>
          </test-suite>
          <test-suite type="TestFixture" id="0-1135" name="ManyToOneTests" fullname="crossql.tests.Integration.ManyToOneTests" classname="crossql.tests.Integration.ManyToOneTests" runstate="Runnable" testcasecount="6" result="Passed" start-time="2018-06-23 15:16:40Z" end-time="2018-06-23 15:16:41Z" duration="0.964313" total="6" passed="6" failed="0" warnings="0" inconclusive="0" skipped="0" asserts="0">
            <test-suite type="ParameterizedMethod" id="0-1138" name="Should_Create_Records_With_ManyToOne_Relationships" fullname="crossql.tests.Integration.ManyToOneTests.Should_Create_Records_With_ManyToOne_Relationships" classname="crossql.tests.Integration.ManyToOneTests" runstate="Runnable" testcasecount="2" result="Passed" start-time="2018-06-23 15:16:41Z" end-time="2018-06-23 15:16:41Z" duration="0.030693" total="2" passed="2" failed="0" warnings="0" inconclusive="0" skipped="0" asserts="0">
              <test-case id="0-1136" name="Should_Create_Records_With_ManyToOne_Relationships(crossql.sqlite.DbProvider)" fullname="crossql.tests.Integration.ManyToOneTests.Should_Create_Records_With_ManyToOne_Relationships(crossql.sqlite.DbProvider)" methodname="Should_Create_Records_With_ManyToOne_Relationships" classname="crossql.tests.Integration.ManyToOneTests" runstate="Runnable" seed="1054349475" result="Passed" start-time="2018-06-23 15:16:41Z" end-time="2018-06-23 15:16:41Z" duration="0.010488" asserts="0" />
              <test-case id="0-1137" name="Should_Create_Records_With_ManyToOne_Relationships(crossql.mssqlserver.DbProvider)" fullname="crossql.tests.Integration.ManyToOneTests.Should_Create_Records_With_ManyToOne_Relationships(crossql.mssqlserver.DbProvider)" methodname="Should_Create_Records_With_ManyToOne_Relationships" classname="crossql.tests.Integration.ManyToOneTests" runstate="Runnable" seed="77059201" result="Passed" start-time="2018-06-23 15:16:41Z" end-time="2018-06-23 15:16:41Z" duration="0.019980" asserts="0" />
            </test-suite>
            <test-suite type="ParameterizedMethod" id="0-1141" name="Should_Create_Records_With_OneToMany_Relationships" fullname="crossql.tests.Integration.ManyToOneTests.Should_Create_Records_With_OneToMany_Relationships" classname="crossql.tests.Integration.ManyToOneTests" runstate="Runnable" testcasecount="2" result="Passed" start-time="2018-06-23 15:16:41Z" end-time="2018-06-23 15:16:41Z" duration="0.027046" total="2" passed="2" failed="0" warnings="0" inconclusive="0" skipped="0" asserts="0">
              <test-case id="0-1139" name="Should_Create_Records_With_OneToMany_Relationships(crossql.sqlite.DbProvider)" fullname="crossql.tests.Integration.ManyToOneTests.Should_Create_Records_With_OneToMany_Relationships(crossql.sqlite.DbProvider)" methodname="Should_Create_Records_With_OneToMany_Relationships" classname="crossql.tests.Integration.ManyToOneTests" runstate="Runnable" seed="1036921852" result="Passed" start-time="2018-06-23 15:16:41Z" end-time="2018-06-23 15:16:41Z" duration="0.010113" asserts="0" />
              <test-case id="0-1140" name="Should_Create_Records_With_OneToMany_Relationships(crossql.mssqlserver.DbProvider)" fullname="crossql.tests.Integration.ManyToOneTests.Should_Create_Records_With_OneToMany_Relationships(crossql.mssqlserver.DbProvider)" methodname="Should_Create_Records_With_OneToMany_Relationships" classname="crossql.tests.Integration.ManyToOneTests" runstate="Runnable" seed="656471616" result="Passed" start-time="2018-06-23 15:16:41Z" end-time="2018-06-23 15:16:41Z" duration="0.016759" asserts="0" />
            </test-suite>
            <test-suite type="ParameterizedMethod" id="0-1144" name="Should_Query_ManyToOne_Records_With_Needing_To_Build_Join" fullname="crossql.tests.Integration.ManyToOneTests.Should_Query_ManyToOne_Records_With_Needing_To_Build_Join" classname="crossql.tests.Integration.ManyToOneTests" runstate="Runnable" testcasecount="2" result="Passed" start-time="2018-06-23 15:16:41Z" end-time="2018-06-23 15:16:41Z" duration="0.020244" total="2" passed="2" failed="0" warnings="0" inconclusive="0" skipped="0" asserts="0">
              <test-case id="0-1142" name="Should_Query_ManyToOne_Records_With_Needing_To_Build_Join(crossql.sqlite.DbProvider)" fullname="crossql.tests.Integration.ManyToOneTests.Should_Query_ManyToOne_Records_With_Needing_To_Build_Join(crossql.sqlite.DbProvider)" methodname="Should_Query_ManyToOne_Records_With_Needing_To_Build_Join" classname="crossql.tests.Integration.ManyToOneTests" runstate="Runnable" seed="214390910" result="Passed" start-time="2018-06-23 15:16:41Z" end-time="2018-06-23 15:16:41Z" duration="0.008069" asserts="0" />
              <test-case id="0-1143" name="Should_Query_ManyToOne_Records_With_Needing_To_Build_Join(crossql.mssqlserver.DbProvider)" fullname="crossql.tests.Integration.ManyToOneTests.Should_Query_ManyToOne_Records_With_Needing_To_Build_Join(crossql.mssqlserver.DbProvider)" methodname="Should_Query_ManyToOne_Records_With_Needing_To_Build_Join" classname="crossql.tests.Integration.ManyToOneTests" runstate="Runnable" seed="1456360390" result="Passed" start-time="2018-06-23 15:16:41Z" end-time="2018-06-23 15:16:41Z" duration="0.012012" asserts="0" />
            </test-suite>
          </test-suite>
          <test-suite type="TestFixture" id="0-1145" name="QueryHelperTests" fullname="crossql.tests.Integration.QueryHelperTests" classname="crossql.tests.Integration.QueryHelperTests" runstate="Runnable" testcasecount="14" result="Passed" start-time="2018-06-23 15:16:41Z" end-time="2018-06-23 15:16:42Z" duration="0.898806" total="14" passed="14" failed="0" warnings="0" inconclusive="0" skipped="0" asserts="0">
            <test-suite type="ParameterizedMethod" id="0-1151" name="Should_Return_Null_When_FirstOrDefault_Is_Empty" fullname="crossql.tests.Integration.QueryHelperTests.Should_Return_Null_When_FirstOrDefault_Is_Empty" classname="crossql.tests.Integration.QueryHelperTests" runstate="Runnable" testcasecount="2" result="Passed" start-time="2018-06-23 15:16:42Z" end-time="2018-06-23 15:16:42Z" duration="0.002937" total="2" passed="2" failed="0" warnings="0" inconclusive="0" skipped="0" asserts="0">
              <test-case id="0-1149" name="Should_Return_Null_When_FirstOrDefault_Is_Empty(crossql.sqlite.DbProvider)" fullname="crossql.tests.Integration.QueryHelperTests.Should_Return_Null_When_FirstOrDefault_Is_Empty(crossql.sqlite.DbProvider)" methodname="Should_Return_Null_When_FirstOrDefault_Is_Empty" classname="crossql.tests.Integration.QueryHelperTests" runstate="Runnable" seed="1825431697" result="Passed" start-time="2018-06-23 15:16:42Z" end-time="2018-06-23 15:16:42Z" duration="0.001353" asserts="0" />
              <test-case id="0-1150" name="Should_Return_Null_When_FirstOrDefault_Is_Empty(crossql.mssqlserver.DbProvider)" fullname="crossql.tests.Integration.QueryHelperTests.Should_Return_Null_When_FirstOrDefault_Is_Empty(crossql.mssqlserver.DbProvider)" methodname="Should_Return_Null_When_FirstOrDefault_Is_Empty" classname="crossql.tests.Integration.QueryHelperTests" runstate="Runnable" seed="1940071477" result="Passed" start-time="2018-06-23 15:16:42Z" end-time="2018-06-23 15:16:42Z" duration="0.001453" asserts="0" />
            </test-suite>
            <test-suite type="ParameterizedMethod" id="0-1163" name="Should_Return_Null_When_LastOrDefault_Is_Empty" fullname="crossql.tests.Integration.QueryHelperTests.Should_Return_Null_When_LastOrDefault_Is_Empty" classname="crossql.tests.Integration.QueryHelperTests" runstate="Runnable" testcasecount="2" result="Passed" start-time="2018-06-23 15:16:42Z" end-time="2018-06-23 15:16:42Z" duration="0.003803" total="2" passed="2" failed="0" warnings="0" inconclusive="0" skipped="0" asserts="0">
              <test-case id="0-1161" name="Should_Return_Null_When_LastOrDefault_Is_Empty(crossql.sqlite.DbProvider)" fullname="crossql.tests.Integration.QueryHelperTests.Should_Return_Null_When_LastOrDefault_Is_Empty(crossql.sqlite.DbProvider)" methodname="Should_Return_Null_When_LastOrDefault_Is_Empty" classname="crossql.tests.Integration.QueryHelperTests" runstate="Runnable" seed="330756934" result="Passed" start-time="2018-06-23 15:16:42Z" end-time="2018-06-23 15:16:42Z" duration="0.002743" asserts="0" />
              <test-case id="0-1162" name="Should_Return_Null_When_LastOrDefault_Is_Empty(crossql.mssqlserver.DbProvider)" fullname="crossql.tests.Integration.QueryHelperTests.Should_Return_Null_When_LastOrDefault_Is_Empty(crossql.mssqlserver.DbProvider)" methodname="Should_Return_Null_When_LastOrDefault_Is_Empty" classname="crossql.tests.Integration.QueryHelperTests" runstate="Runnable" seed="952442362" result="Passed" start-time="2018-06-23 15:16:42Z" end-time="2018-06-23 15:16:42Z" duration="0.000952" asserts="0" />
            </test-suite>
            <test-suite type="ParameterizedMethod" id="0-1157" name="Should_Return_Null_When_SingleOrDefault_Is_Empty" fullname="crossql.tests.Integration.QueryHelperTests.Should_Return_Null_When_SingleOrDefault_Is_Empty" classname="crossql.tests.Integration.QueryHelperTests" runstate="Runnable" testcasecount="2" result="Passed" start-time="2018-06-23 15:16:42Z" end-time="2018-06-23 15:16:42Z" duration="0.003494" total="2" passed="2" failed="0" warnings="0" inconclusive="0" skipped="0" asserts="0">
              <test-case id="0-1155" name="Should_Return_Null_When_SingleOrDefault_Is_Empty(crossql.sqlite.DbProvider)" fullname="crossql.tests.Integration.QueryHelperTests.Should_Return_Null_When_SingleOrDefault_Is_Empty(crossql.sqlite.DbProvider)" methodname="Should_Return_Null_When_SingleOrDefault_Is_Empty" classname="crossql.tests.Integration.QueryHelperTests" runstate="Runnable" seed="2061523630" result="Passed" start-time="2018-06-23 15:16:42Z" end-time="2018-06-23 15:16:42Z" duration="0.002163" asserts="0" />
              <test-case id="0-1156" name="Should_Return_Null_When_SingleOrDefault_Is_Empty(crossql.mssqlserver.DbProvider)" fullname="crossql.tests.Integration.QueryHelperTests.Should_Return_Null_When_SingleOrDefault_Is_Empty(crossql.mssqlserver.DbProvider)" methodname="Should_Return_Null_When_SingleOrDefault_Is_Empty" classname="crossql.tests.Integration.QueryHelperTests" runstate="Runnable" seed="1638890707" result="Passed" start-time="2018-06-23 15:16:42Z" end-time="2018-06-23 15:16:42Z" duration="0.001176" asserts="0" />
            </test-suite>
            <test-suite type="ParameterizedMethod" id="0-1166" name="Should_Return_Zero_Records_When_ToList_Is_Empty" fullname="crossql.tests.Integration.QueryHelperTests.Should_Return_Zero_Records_When_ToList_Is_Empty" classname="crossql.tests.Integration.QueryHelperTests" runstate="Runnable" testcasecount="2" result="Passed" start-time="2018-06-23 15:16:42Z" end-time="2018-06-23 15:16:42Z" duration="0.004286" total="2" passed="2" failed="0" warnings="0" inconclusive="0" skipped="0" asserts="0">
              <test-case id="0-1164" name="Should_Return_Zero_Records_When_ToList_Is_Empty(crossql.sqlite.DbProvider)" fullname="crossql.tests.Integration.QueryHelperTests.Should_Return_Zero_Records_When_ToList_Is_Empty(crossql.sqlite.DbProvider)" methodname="Should_Return_Zero_Records_When_ToList_Is_Empty" classname="crossql.tests.Integration.QueryHelperTests" runstate="Runnable" seed="1237203561" result="Passed" start-time="2018-06-23 15:16:42Z" end-time="2018-06-23 15:16:42Z" duration="0.002603" asserts="0" />
              <test-case id="0-1165" name="Should_Return_Zero_Records_When_ToList_Is_Empty(crossql.mssqlserver.DbProvider)" fullname="crossql.tests.Integration.QueryHelperTests.Should_Return_Zero_Records_When_ToList_Is_Empty(crossql.mssqlserver.DbProvider)" methodname="Should_Return_Zero_Records_When_ToList_Is_Empty" classname="crossql.tests.Integration.QueryHelperTests" runstate="Runnable" seed="1796118065" result="Passed" start-time="2018-06-23 15:16:42Z" end-time="2018-06-23 15:16:42Z" duration="0.001523" asserts="0" />
            </test-suite>
            <test-suite type="ParameterizedMethod" id="0-1148" name="Should_Throw_When_First_Is_Empty" fullname="crossql.tests.Integration.QueryHelperTests.Should_Throw_When_First_Is_Empty" classname="crossql.tests.Integration.QueryHelperTests" runstate="Runnable" testcasecount="2" result="Passed" start-time="2018-06-23 15:16:42Z" end-time="2018-06-23 15:16:42Z" duration="0.014185" total="2" passed="2" failed="0" warnings="0" inconclusive="0" skipped="0" asserts="0">
              <test-case id="0-1146" name="Should_Throw_When_First_Is_Empty(crossql.sqlite.DbProvider)" fullname="crossql.tests.Integration.QueryHelperTests.Should_Throw_When_First_Is_Empty(crossql.sqlite.DbProvider)" methodname="Should_Throw_When_First_Is_Empty" classname="crossql.tests.Integration.QueryHelperTests" runstate="Runnable" seed="925365651" result="Passed" start-time="2018-06-23 15:16:42Z" end-time="2018-06-23 15:16:42Z" duration="0.012554" asserts="0" />
              <test-case id="0-1147" name="Should_Throw_When_First_Is_Empty(crossql.mssqlserver.DbProvider)" fullname="crossql.tests.Integration.QueryHelperTests.Should_Throw_When_First_Is_Empty(crossql.mssqlserver.DbProvider)" methodname="Should_Throw_When_First_Is_Empty" classname="crossql.tests.Integration.QueryHelperTests" runstate="Runnable" seed="989065093" result="Passed" start-time="2018-06-23 15:16:42Z" end-time="2018-06-23 15:16:42Z" duration="0.001519" asserts="0" />
            </test-suite>
            <test-suite type="ParameterizedMethod" id="0-1160" name="Should_Throw_When_Last_Is_Empty" fullname="crossql.tests.Integration.QueryHelperTests.Should_Throw_When_Last_Is_Empty" classname="crossql.tests.Integration.QueryHelperTests" runstate="Runnable" testcasecount="2" result="Passed" start-time="2018-06-23 15:16:42Z" end-time="2018-06-23 15:16:42Z" duration="0.003992" total="2" passed="2" failed="0" warnings="0" inconclusive="0" skipped="0" asserts="0">
              <test-case id="0-1158" name="Should_Throw_When_Last_Is_Empty(crossql.sqlite.DbProvider)" fullname="crossql.tests.Integration.QueryHelperTests.Should_Throw_When_Last_Is_Empty(crossql.sqlite.DbProvider)" methodname="Should_Throw_When_Last_Is_Empty" classname="crossql.tests.Integration.QueryHelperTests" runstate="Runnable" seed="2086784120" result="Passed" start-time="2018-06-23 15:16:42Z" end-time="2018-06-23 15:16:42Z" duration="0.002680" asserts="0" />
              <test-case id="0-1159" name="Should_Throw_When_Last_Is_Empty(crossql.mssqlserver.DbProvider)" fullname="crossql.tests.Integration.QueryHelperTests.Should_Throw_When_Last_Is_Empty(crossql.mssqlserver.DbProvider)" methodname="Should_Throw_When_Last_Is_Empty" classname="crossql.tests.Integration.QueryHelperTests" runstate="Runnable" seed="488341835" result="Passed" start-time="2018-06-23 15:16:42Z" end-time="2018-06-23 15:16:42Z" duration="0.001171" asserts="0" />
            </test-suite>
            <test-suite type="ParameterizedMethod" id="0-1154" name="Should_Throw_When_Single_Is_Empty" fullname="crossql.tests.Integration.QueryHelperTests.Should_Throw_When_Single_Is_Empty" classname="crossql.tests.Integration.QueryHelperTests" runstate="Runnable" testcasecount="2" result="Passed" start-time="2018-06-23 15:16:42Z" end-time="2018-06-23 15:16:42Z" duration="0.002924" total="2" passed="2" failed="0" warnings="0" inconclusive="0" skipped="0" asserts="0">
              <test-case id="0-1152" name="Should_Throw_When_Single_Is_Empty(crossql.sqlite.DbProvider)" fullname="crossql.tests.Integration.QueryHelperTests.Should_Throw_When_Single_Is_Empty(crossql.sqlite.DbProvider)" methodname="Should_Throw_When_Single_Is_Empty" classname="crossql.tests.Integration.QueryHelperTests" runstate="Runnable" seed="834034438" result="Passed" start-time="2018-06-23 15:16:42Z" end-time="2018-06-23 15:16:42Z" duration="0.001605" asserts="0" />
              <test-case id="0-1153" name="Should_Throw_When_Single_Is_Empty(crossql.mssqlserver.DbProvider)" fullname="crossql.tests.Integration.QueryHelperTests.Should_Throw_When_Single_Is_Empty(crossql.mssqlserver.DbProvider)" methodname="Should_Throw_When_Single_Is_Empty" classname="crossql.tests.Integration.QueryHelperTests" runstate="Runnable" seed="2134557661" result="Passed" start-time="2018-06-23 15:16:42Z" end-time="2018-06-23 15:16:42Z" duration="0.001208" asserts="0" />
            </test-suite>
          </test-suite>
          <test-suite type="TestFixture" id="0-1167" name="SimpleCrudTests" fullname="crossql.tests.Integration.SimpleCrudTests" classname="crossql.tests.Integration.SimpleCrudTests" runstate="Runnable" testcasecount="6" result="Passed" start-time="2018-06-23 15:16:42Z" end-time="2018-06-23 15:16:43Z" duration="0.941507" total="6" passed="6" failed="0" warnings="0" inconclusive="0" skipped="0" asserts="0">
            <test-suite type="ParameterizedMethod" id="0-1176" name="Should_Create_Or_Update_With_Different_Primary_Key" fullname="crossql.tests.Integration.SimpleCrudTests.Should_Create_Or_Update_With_Different_Primary_Key" classname="crossql.tests.Integration.SimpleCrudTests" runstate="Runnable" testcasecount="2" result="Passed" start-time="2018-06-23 15:16:43Z" end-time="2018-06-23 15:16:43Z" duration="0.030502" total="2" passed="2" failed="0" warnings="0" inconclusive="0" skipped="0" asserts="0">
              <test-case id="0-1174" name="Should_Create_Or_Update_With_Different_Primary_Key(crossql.sqlite.DbProvider)" fullname="crossql.tests.Integration.SimpleCrudTests.Should_Create_Or_Update_With_Different_Primary_Key(crossql.sqlite.DbProvider)" methodname="Should_Create_Or_Update_With_Different_Primary_Key" classname="crossql.tests.Integration.SimpleCrudTests" runstate="Runnable" seed="1878379132" result="Passed" start-time="2018-06-23 15:16:43Z" end-time="2018-06-23 15:16:43Z" duration="0.012851" asserts="0" />
              <test-case id="0-1175" name="Should_Create_Or_Update_With_Different_Primary_Key(crossql.mssqlserver.DbProvider)" fullname="crossql.tests.Integration.SimpleCrudTests.Should_Create_Or_Update_With_Different_Primary_Key(crossql.mssqlserver.DbProvider)" methodname="Should_Create_Or_Update_With_Different_Primary_Key" classname="crossql.tests.Integration.SimpleCrudTests" runstate="Runnable" seed="722613916" result="Passed" start-time="2018-06-23 15:16:43Z" end-time="2018-06-23 15:16:43Z" duration="0.017458" asserts="0" />
            </test-suite>
            <test-suite type="ParameterizedMethod" id="0-1170" name="Should_Do_Crud_On_Simple_Model_Object" fullname="crossql.tests.Integration.SimpleCrudTests.Should_Do_Crud_On_Simple_Model_Object" classname="crossql.tests.Integration.SimpleCrudTests" runstate="Runnable" testcasecount="2" result="Passed" start-time="2018-06-23 15:16:43Z" end-time="2018-06-23 15:16:43Z" duration="0.037815" total="2" passed="2" failed="0" warnings="0" inconclusive="0" skipped="0" asserts="0">
              <test-case id="0-1168" name="Should_Do_Crud_On_Simple_Model_Object(crossql.sqlite.DbProvider)" fullname="crossql.tests.Integration.SimpleCrudTests.Should_Do_Crud_On_Simple_Model_Object(crossql.sqlite.DbProvider)" methodname="Should_Do_Crud_On_Simple_Model_Object" classname="crossql.tests.Integration.SimpleCrudTests" runstate="Runnable" seed="1425969850" result="Passed" start-time="2018-06-23 15:16:43Z" end-time="2018-06-23 15:16:43Z" duration="0.011592" asserts="0" />
              <test-case id="0-1169" name="Should_Do_Crud_On_Simple_Model_Object(crossql.mssqlserver.DbProvider)" fullname="crossql.tests.Integration.SimpleCrudTests.Should_Do_Crud_On_Simple_Model_Object(crossql.mssqlserver.DbProvider)" methodname="Should_Do_Crud_On_Simple_Model_Object" classname="crossql.tests.Integration.SimpleCrudTests" runstate="Runnable" seed="1304591153" result="Passed" start-time="2018-06-23 15:16:43Z" end-time="2018-06-23 15:16:43Z" duration="0.026034" asserts="0" />
            </test-suite>
            <test-suite type="ParameterizedMethod" id="0-1173" name="Should_Do_Crud_On_Simple_Model_Object_With_Different_Primary_Key" fullname="crossql.tests.Integration.SimpleCrudTests.Should_Do_Crud_On_Simple_Model_Object_With_Different_Primary_Key" classname="crossql.tests.Integration.SimpleCrudTests" runstate="Runnable" testcasecount="2" result="Passed" start-time="2018-06-23 15:16:43Z" end-time="2018-06-23 15:16:43Z" duration="0.022627" total="2" passed="2" failed="0" warnings="0" inconclusive="0" skipped="0" asserts="0">
              <test-case id="0-1171" name="Should_Do_Crud_On_Simple_Model_Object_With_Different_Primary_Key(crossql.sqlite.DbProvider)" fullname="crossql.tests.Integration.SimpleCrudTests.Should_Do_Crud_On_Simple_Model_Object_With_Different_Primary_Key(crossql.sqlite.DbProvider)" methodname="Should_Do_Crud_On_Simple_Model_Object_With_Different_Primary_Key" classname="crossql.tests.Integration.SimpleCrudTests" runstate="Runnable" seed="1904397227" result="Passed" start-time="2018-06-23 15:16:43Z" end-time="2018-06-23 15:16:43Z" duration="0.009129" asserts="0" />
              <test-case id="0-1172" name="Should_Do_Crud_On_Simple_Model_Object_With_Different_Primary_Key(crossql.mssqlserver.DbProvider)" fullname="crossql.tests.Integration.SimpleCrudTests.Should_Do_Crud_On_Simple_Model_Object_With_Different_Primary_Key(crossql.mssqlserver.DbProvider)" methodname="Should_Do_Crud_On_Simple_Model_Object_With_Different_Primary_Key" classname="crossql.tests.Integration.SimpleCrudTests" runstate="Runnable" seed="1024778176" result="Passed" start-time="2018-06-23 15:16:43Z" end-time="2018-06-23 15:16:43Z" duration="0.013346" asserts="0" />
            </test-suite>
          </test-suite>
          <test-suite type="TestFixture" id="0-1177" name="SimpleCrudTransactionTests" fullname="crossql.tests.Integration.SimpleCrudTransactionTests" classname="crossql.tests.Integration.SimpleCrudTransactionTests" runstate="Runnable" testcasecount="8" result="Passed" start-time="2018-06-23 15:16:43Z" end-time="2018-06-23 15:16:47Z" duration="4.441213" total="8" passed="8" failed="0" warnings="0" inconclusive="0" skipped="0" asserts="0">
            <test-suite type="ParameterizedMethod" id="0-1180" name="Should_Create_Records_With_AutoIncrement" fullname="crossql.tests.Integration.SimpleCrudTransactionTests.Should_Create_Records_With_AutoIncrement" classname="crossql.tests.Integration.SimpleCrudTransactionTests" runstate="Runnable" testcasecount="2" result="Passed" start-time="2018-06-23 15:16:43Z" end-time="2018-06-23 15:16:43Z" duration="0.028973" total="2" passed="2" failed="0" warnings="0" inconclusive="0" skipped="0" asserts="0">
              <test-case id="0-1178" name="Should_Create_Records_With_AutoIncrement(crossql.sqlite.DbProvider)" fullname="crossql.tests.Integration.SimpleCrudTransactionTests.Should_Create_Records_With_AutoIncrement(crossql.sqlite.DbProvider)" methodname="Should_Create_Records_With_AutoIncrement" classname="crossql.tests.Integration.SimpleCrudTransactionTests" runstate="Runnable" seed="1156125616" result="Passed" start-time="2018-06-23 15:16:43Z" end-time="2018-06-23 15:16:43Z" duration="0.009388" asserts="0" />
              <test-case id="0-1179" name="Should_Create_Records_With_AutoIncrement(crossql.mssqlserver.DbProvider)" fullname="crossql.tests.Integration.SimpleCrudTransactionTests.Should_Create_Records_With_AutoIncrement(crossql.mssqlserver.DbProvider)" methodname="Should_Create_Records_With_AutoIncrement" classname="crossql.tests.Integration.SimpleCrudTransactionTests" runstate="Runnable" seed="2084404236" result="Passed" start-time="2018-06-23 15:16:43Z" end-time="2018-06-23 15:16:43Z" duration="0.019418" asserts="0" />
            </test-suite>
            <test-suite type="ParameterizedMethod" id="0-1183" name="Should_Do_CUD_In_Transactions" fullname="crossql.tests.Integration.SimpleCrudTransactionTests.Should_Do_CUD_In_Transactions" classname="crossql.tests.Integration.SimpleCrudTransactionTests" runstate="Runnable" testcasecount="2" result="Passed" start-time="2018-06-23 15:16:43Z" end-time="2018-06-23 15:16:44Z" duration="0.040130" total="2" passed="2" failed="0" warnings="0" inconclusive="0" skipped="0" asserts="0">
              <test-case id="0-1181" name="Should_Do_CUD_In_Transactions(crossql.sqlite.DbProvider)" fullname="crossql.tests.Integration.SimpleCrudTransactionTests.Should_Do_CUD_In_Transactions(crossql.sqlite.DbProvider)" methodname="Should_Do_CUD_In_Transactions" classname="crossql.tests.Integration.SimpleCrudTransactionTests" runstate="Runnable" seed="1070243284" result="Passed" start-time="2018-06-23 15:16:43Z" end-time="2018-06-23 15:16:43Z" duration="0.014434" asserts="0" />
              <test-case id="0-1182" name="Should_Do_CUD_In_Transactions(crossql.mssqlserver.DbProvider)" fullname="crossql.tests.Integration.SimpleCrudTransactionTests.Should_Do_CUD_In_Transactions(crossql.mssqlserver.DbProvider)" methodname="Should_Do_CUD_In_Transactions" classname="crossql.tests.Integration.SimpleCrudTransactionTests" runstate="Runnable" seed="1845637542" result="Passed" start-time="2018-06-23 15:16:43Z" end-time="2018-06-23 15:16:44Z" duration="0.025557" asserts="0" />
            </test-suite>
            <test-suite type="ParameterizedMethod" id="0-1186" name="Should_Perform_Faster_When_Run_In_Transaction" fullname="crossql.tests.Integration.SimpleCrudTransactionTests.Should_Perform_Faster_When_Run_In_Transaction" classname="crossql.tests.Integration.SimpleCrudTransactionTests" runstate="Runnable" testcasecount="2" result="Passed" start-time="2018-06-23 15:16:44Z" end-time="2018-06-23 15:16:47Z" duration="3.497034" total="2" passed="2" failed="0" warnings="0" inconclusive="0" skipped="0" asserts="0">
              <test-case id="0-1184" name="Should_Perform_Faster_When_Run_In_Transaction(crossql.sqlite.DbProvider)" fullname="crossql.tests.Integration.SimpleCrudTransactionTests.Should_Perform_Faster_When_Run_In_Transaction(crossql.sqlite.DbProvider)" methodname="Should_Perform_Faster_When_Run_In_Transaction" classname="crossql.tests.Integration.SimpleCrudTransactionTests" runstate="Runnable" seed="923380421" result="Passed" start-time="2018-06-23 15:16:44Z" end-time="2018-06-23 15:16:45Z" duration="1.475830" asserts="0" />
              <test-case id="0-1185" name="Should_Perform_Faster_When_Run_In_Transaction(crossql.mssqlserver.DbProvider)" fullname="crossql.tests.Integration.SimpleCrudTransactionTests.Should_Perform_Faster_When_Run_In_Transaction(crossql.mssqlserver.DbProvider)" methodname="Should_Perform_Faster_When_Run_In_Transaction" classname="crossql.tests.Integration.SimpleCrudTransactionTests" runstate="Runnable" seed="1202131029" result="Passed" start-time="2018-06-23 15:16:45Z" end-time="2018-06-23 15:16:47Z" duration="2.021005" asserts="0" />
            </test-suite>
            <test-suite type="ParameterizedMethod" id="0-1189" name="ShouldRollBackFailedTransaction" fullname="crossql.tests.Integration.SimpleCrudTransactionTests.ShouldRollBackFailedTransaction" classname="crossql.tests.Integration.SimpleCrudTransactionTests" runstate="Runnable" testcasecount="2" result="Passed" start-time="2018-06-23 15:16:47Z" end-time="2018-06-23 15:16:47Z" duration="0.033369" total="2" passed="2" failed="0" warnings="0" inconclusive="0" skipped="0" asserts="0">
              <test-case id="0-1187" name="ShouldRollBackFailedTransaction(crossql.sqlite.DbProvider)" fullname="crossql.tests.Integration.SimpleCrudTransactionTests.ShouldRollBackFailedTransaction(crossql.sqlite.DbProvider)" methodname="ShouldRollBackFailedTransaction" classname="crossql.tests.Integration.SimpleCrudTransactionTests" runstate="Runnable" seed="685313614" result="Passed" start-time="2018-06-23 15:16:47Z" end-time="2018-06-23 15:16:47Z" duration="0.025503" asserts="0" />
              <test-case id="0-1188" name="ShouldRollBackFailedTransaction(crossql.mssqlserver.DbProvider)" fullname="crossql.tests.Integration.SimpleCrudTransactionTests.ShouldRollBackFailedTransaction(crossql.mssqlserver.DbProvider)" methodname="ShouldRollBackFailedTransaction" classname="crossql.tests.Integration.SimpleCrudTransactionTests" runstate="Runnable" seed="385914799" result="Passed" start-time="2018-06-23 15:16:47Z" end-time="2018-06-23 15:16:47Z" duration="0.007674" asserts="0" />
            </test-suite>
          </test-suite>
        </test-suite>
        <test-suite type="TestSuite" id="0-1193" name="Unit" fullname="crossql.tests.Unit" runstate="Runnable" testcasecount="57" result="Skipped" label="Ignored" site="Child" start-time="2018-06-23 15:16:35Z" end-time="2018-06-23 15:16:47Z" duration="11.928208" total="57" passed="55" failed="0" warnings="0" inconclusive="0" skipped="2" asserts="48">
          <reason>
            <message><![CDATA[One or more child tests were ignored]]></message>
          </reason>
          <test-suite type="TestFixture" id="0-1000" name="AutoMapperTests" fullname="crossql.tests.Unit.AutoMapperTests" classname="crossql.tests.Unit.AutoMapperTests" runstate="Runnable" testcasecount="6" result="Skipped" label="Ignored" site="Child" start-time="2018-06-23 15:16:47Z" end-time="2018-06-23 15:16:47Z" duration="0.005827" total="6" passed="4" failed="0" warnings="0" inconclusive="0" skipped="2" asserts="11">
            <reason>
              <message><![CDATA[One or more child tests were ignored]]></message>
            </reason>
            <test-case id="0-1001" name="ShouldBuildDbParametersForGivenModel" fullname="crossql.tests.Unit.AutoMapperTests.ShouldBuildDbParametersForGivenModel" methodname="ShouldBuildDbParametersForGivenModel" classname="crossql.tests.Unit.AutoMapperTests" runstate="Runnable" seed="499647367" result="Passed" start-time="2018-06-23 15:16:47Z" end-time="2018-06-23 15:16:47Z" duration="0.001294" asserts="7" />
            <test-case id="0-1002" name="ShouldBuildListOfModelObjectsFromReader" fullname="crossql.tests.Unit.AutoMapperTests.ShouldBuildListOfModelObjectsFromReader" methodname="ShouldBuildListOfModelObjectsFromReader" classname="crossql.tests.Unit.AutoMapperTests" runstate="Ignored" seed="277768634" result="Skipped" label="Ignored" start-time="2018-06-23 15:16:47Z" end-time="2018-06-23 15:16:47Z" duration="0.000197" asserts="0">
              <properties>
                <property name="_SKIPREASON" value="AutoDbMapper uses a different approach to getting data from the dbreader... need to rethink these tests." />
              </properties>
              <reason>
                <message><![CDATA[AutoDbMapper uses a different approach to getting data from the dbreader... need to rethink these tests.]]></message>
              </reason>
            </test-case>
            <test-case id="0-1003" name="ShouldBuildListOfObjectFromAnotherListOfObjects" fullname="crossql.tests.Unit.AutoMapperTests.ShouldBuildListOfObjectFromAnotherListOfObjects" methodname="ShouldBuildListOfObjectFromAnotherListOfObjects" classname="crossql.tests.Unit.AutoMapperTests" runstate="Runnable" seed="593013099" result="Passed" start-time="2018-06-23 15:16:47Z" end-time="2018-06-23 15:16:47Z" duration="0.003485" asserts="2" />
            <test-case id="0-1004" name="ShouldBuildModelObjectFromReader" fullname="crossql.tests.Unit.AutoMapperTests.ShouldBuildModelObjectFromReader" methodname="ShouldBuildModelObjectFromReader" classname="crossql.tests.Unit.AutoMapperTests" runstate="Ignored" seed="1332999396" result="Skipped" label="Ignored" start-time="2018-06-23 15:16:47Z" end-time="2018-06-23 15:16:47Z" duration="0.000007" asserts="0">
              <properties>
                <property name="_SKIPREASON" value="AutoDbMapper uses a different approach to getting data from the dbreader... need to rethink these tests." />
              </properties>
              <reason>
                <message><![CDATA[AutoDbMapper uses a different approach to getting data from the dbreader... need to rethink these tests.]]></message>
              </reason>
            </test-case>
            <test-case id="0-1005" name="ShouldBuildOneObjectFromAnotherObjectWhereNamesMatch" fullname="crossql.tests.Unit.AutoMapperTests.ShouldBuildOneObjectFromAnotherObjectWhereNamesMatch" methodname="ShouldBuildOneObjectFromAnotherObjectWhereNamesMatch" classname="crossql.tests.Unit.AutoMapperTests" runstate="Runnable" seed="215280094" result="Passed" start-time="2018-06-23 15:16:47Z" end-time="2018-06-23 15:16:47Z" duration="0.000358" asserts="1" />
            <test-case id="0-1006" name="ShouldNotCrashIfInputIsNull" fullname="crossql.tests.Unit.AutoMapperTests.ShouldNotCrashIfInputIsNull" methodname="ShouldNotCrashIfInputIsNull" classname="crossql.tests.Unit.AutoMapperTests" runstate="Runnable" seed="731917792" result="Passed" start-time="2018-06-23 15:16:47Z" end-time="2018-06-23 15:16:47Z" duration="0.000228" asserts="1" />
          </test-suite>
          <test-suite type="TestFixture" id="0-1007" name="DbConnectionProviderTests" fullname="crossql.tests.Unit.DbConnectionProviderTests" classname="crossql.tests.Unit.DbConnectionProviderTests" runstate="Runnable" testcasecount="3" result="Passed" start-time="2018-06-23 15:16:47Z" end-time="2018-06-23 15:16:47Z" duration="0.001470" total="3" passed="3" failed="0" warnings="0" inconclusive="0" skipped="0" asserts="0">
            <test-case id="0-1008" name="ShouldConstructSqliteConnectionAndDisallowBrowsingTheDatabasePath" fullname="crossql.tests.Unit.DbConnectionProviderTests.ShouldConstructSqliteConnectionAndDisallowBrowsingTheDatabasePath" methodname="ShouldConstructSqliteConnectionAndDisallowBrowsingTheDatabasePath" classname="crossql.tests.Unit.DbConnectionProviderTests" runstate="Runnable" seed="1775108948" result="Passed" start-time="2018-06-23 15:16:47Z" end-time="2018-06-23 15:16:47Z" duration="0.000449" asserts="0" />
            <test-case id="0-1009" name="ShouldConstructSqliteConnectionWithAlternatePath" fullname="crossql.tests.Unit.DbConnectionProviderTests.ShouldConstructSqliteConnectionWithAlternatePath" methodname="ShouldConstructSqliteConnectionWithAlternatePath" classname="crossql.tests.Unit.DbConnectionProviderTests" runstate="Runnable" seed="1399375017" result="Passed" start-time="2018-06-23 15:16:47Z" end-time="2018-06-23 15:16:47Z" duration="0.000481" asserts="0" />
            <test-case id="0-1010" name="ShouldConstructSqliteConnectionWithDefaultPath" fullname="crossql.tests.Unit.DbConnectionProviderTests.ShouldConstructSqliteConnectionWithDefaultPath" methodname="ShouldConstructSqliteConnectionWithDefaultPath" classname="crossql.tests.Unit.DbConnectionProviderTests" runstate="Runnable" seed="1461735588" result="Passed" start-time="2018-06-23 15:16:47Z" end-time="2018-06-23 15:16:47Z" duration="0.000235" asserts="0" />
          </test-suite>
          <test-suite type="TestFixture" id="0-1011" name="DbMigrationTests" fullname="crossql.tests.Unit.DbMigrationTests" classname="crossql.tests.Unit.DbMigrationTests" runstate="Runnable" testcasecount="8" result="Passed" start-time="2018-06-23 15:16:47Z" end-time="2018-06-23 15:16:47Z" duration="0.004041" total="8" passed="8" failed="0" warnings="0" inconclusive="0" skipped="0" asserts="8">
            <test-case id="0-1012" name="ShouldAddADefaultValueToAField" fullname="crossql.tests.Unit.DbMigrationTests.ShouldAddADefaultValueToAField" methodname="ShouldAddADefaultValueToAField" classname="crossql.tests.Unit.DbMigrationTests" runstate="Runnable" seed="309328391" result="Passed" start-time="2018-06-23 15:16:47Z" end-time="2018-06-23 15:16:47Z" duration="0.000577" asserts="1" />
            <test-case id="0-1015" name="ShouldBuildProperDDLForANewSqliteDatabase" fullname="crossql.tests.Unit.DbMigrationTests.ShouldBuildProperDDLForANewSqliteDatabase" methodname="ShouldBuildProperDDLForANewSqliteDatabase" classname="crossql.tests.Unit.DbMigrationTests" runstate="Runnable" seed="1203958830" result="Passed" start-time="2018-06-23 15:16:47Z" end-time="2018-06-23 15:16:47Z" duration="0.000371" asserts="1" />
            <test-case id="0-1014" name="ShouldBuildProperDDLForANewSqlServerDatabase" fullname="crossql.tests.Unit.DbMigrationTests.ShouldBuildProperDDLForANewSqlServerDatabase" methodname="ShouldBuildProperDDLForANewSqlServerDatabase" classname="crossql.tests.Unit.DbMigrationTests" runstate="Runnable" seed="1444049591" result="Passed" start-time="2018-06-23 15:16:47Z" end-time="2018-06-23 15:16:47Z" duration="0.000528" asserts="1" />
            <test-case id="0-1016" name="ShouldBuildTableWithCompositeKey" fullname="crossql.tests.Unit.DbMigrationTests.ShouldBuildTableWithCompositeKey" methodname="ShouldBuildTableWithCompositeKey" classname="crossql.tests.Unit.DbMigrationTests" runstate="Runnable" seed="426812935" result="Passed" start-time="2018-06-23 15:16:47Z" end-time="2018-06-23 15:16:47Z" duration="0.000235" asserts="1" />
            <test-case id="0-1017" name="ShouldBuildTableWithCompositeUnique" fullname="crossql.tests.Unit.DbMigrationTests.ShouldBuildTableWithCompositeUnique" methodname="ShouldBuildTableWithCompositeUnique" classname="crossql.tests.Unit.DbMigrationTests" runstate="Runnable" seed="2101816207" result="Passed" start-time="2018-06-23 15:16:47Z" end-time="2018-06-23 15:16:47Z" duration="0.000472" asserts="1" />
            <test-case id="0-1019" name="ShouldCreateATableWithALatLongColumn" fullname="crossql.tests.Unit.DbMigrationTests.ShouldCreateATableWithALatLongColumn" methodname="ShouldCreateATableWithALatLongColumn" classname="crossql.tests.Unit.DbMigrationTests" runstate="Runnable" seed="152027695" result="Passed" start-time="2018-06-23 15:16:47Z" end-time="2018-06-23 15:16:47Z" duration="0.000941" asserts="1" />
            <test-case id="0-1018" name="ShouldCreateATableWithANotNullInt" fullname="crossql.tests.Unit.DbMigrationTests.ShouldCreateATableWithANotNullInt" methodname="ShouldCreateATableWithANotNullInt" classname="crossql.tests.Unit.DbMigrationTests" runstate="Runnable" seed="2045790744" result="Passed" start-time="2018-06-23 15:16:47Z" end-time="2018-06-23 15:16:47Z" duration="0.000212" asserts="1" />
            <test-case id="0-1013" name="ShouldUpdateAnExistingTableAndAddANewColumn" fullname="crossql.tests.Unit.DbMigrationTests.ShouldUpdateAnExistingTableAndAddANewColumn" methodname="ShouldUpdateAnExistingTableAndAddANewColumn" classname="crossql.tests.Unit.DbMigrationTests" runstate="Runnable" seed="1384525935" result="Passed" start-time="2018-06-23 15:16:47Z" end-time="2018-06-23 15:16:47Z" duration="0.000447" asserts="1" />
          </test-suite>
          <test-suite type="TestFixture" id="0-1020" name="DbQueryTests" fullname="crossql.tests.Unit.DbQueryTests" classname="crossql.tests.Unit.DbQueryTests" runstate="Runnable" testcasecount="20" result="Passed" start-time="2018-06-23 15:16:47Z" end-time="2018-06-23 15:16:47Z" duration="0.012012" total="20" passed="20" failed="0" warnings="0" inconclusive="0" skipped="0" asserts="0">
            <test-suite type="ParameterizedMethod" id="0-1029" name="ShouldBuildQueryForUsersAndUtilizeSkipTake" fullname="crossql.tests.Unit.DbQueryTests.ShouldBuildQueryForUsersAndUtilizeSkipTake" classname="crossql.tests.Unit.DbQueryTests" runstate="Runnable" testcasecount="2" result="Passed" start-time="2018-06-23 15:16:47Z" end-time="2018-06-23 15:16:47Z" duration="0.001417" total="2" passed="2" failed="0" warnings="0" inconclusive="0" skipped="0" asserts="0">
              <test-case id="0-1027" name="ShouldBuildQueryForUsersAndUtilizeSkipTake(crossql.mssqlserver.DbProvider)" fullname="crossql.tests.Unit.DbQueryTests.ShouldBuildQueryForUsersAndUtilizeSkipTake(crossql.mssqlserver.DbProvider)" methodname="ShouldBuildQueryForUsersAndUtilizeSkipTake" classname="crossql.tests.Unit.DbQueryTests" runstate="Runnable" seed="1994120746" result="Passed" start-time="2018-06-23 15:16:47Z" end-time="2018-06-23 15:16:47Z" duration="0.001050" asserts="0" />
              <test-case id="0-1028" name="ShouldBuildQueryForUsersAndUtilizeSkipTake(crossql.sqlite.DbProvider)" fullname="crossql.tests.Unit.DbQueryTests.ShouldBuildQueryForUsersAndUtilizeSkipTake(crossql.sqlite.DbProvider)" methodname="ShouldBuildQueryForUsersAndUtilizeSkipTake" classname="crossql.tests.Unit.DbQueryTests" runstate="Runnable" seed="265590860" result="Passed" start-time="2018-06-23 15:16:47Z" end-time="2018-06-23 15:16:47Z" duration="0.000293" asserts="0" />
            </test-suite>
            <test-suite type="ParameterizedMethod" id="0-1032" name="ShouldBuildQueryForUsersById" fullname="crossql.tests.Unit.DbQueryTests.ShouldBuildQueryForUsersById" classname="crossql.tests.Unit.DbQueryTests" runstate="Runnable" testcasecount="2" result="Passed" start-time="2018-06-23 15:16:47Z" end-time="2018-06-23 15:16:47Z" duration="0.000736" total="2" passed="2" failed="0" warnings="0" inconclusive="0" skipped="0" asserts="0">
              <test-case id="0-1030" name="ShouldBuildQueryForUsersById(crossql.mssqlserver.DbProvider)" fullname="crossql.tests.Unit.DbQueryTests.ShouldBuildQueryForUsersById(crossql.mssqlserver.DbProvider)" methodname="ShouldBuildQueryForUsersById" classname="crossql.tests.Unit.DbQueryTests" runstate="Runnable" seed="1929166588" result="Passed" start-time="2018-06-23 15:16:47Z" end-time="2018-06-23 15:16:47Z" duration="0.000487" asserts="0" />
              <test-case id="0-1031" name="ShouldBuildQueryForUsersById(crossql.sqlite.DbProvider)" fullname="crossql.tests.Unit.DbQueryTests.ShouldBuildQueryForUsersById(crossql.sqlite.DbProvider)" methodname="ShouldBuildQueryForUsersById" classname="crossql.tests.Unit.DbQueryTests" runstate="Runnable" seed="2125511613" result="Passed" start-time="2018-06-23 15:16:47Z" end-time="2018-06-23 15:16:47Z" duration="0.000182" asserts="0" />
            </test-suite>
            <test-suite type="ParameterizedMethod" id="0-1035" name="ShouldBuildQueryForUsersByNameAndNotName" fullname="crossql.tests.Unit.DbQueryTests.ShouldBuildQueryForUsersByNameAndNotName" classname="crossql.tests.Unit.DbQueryTests" runstate="Runnable" testcasecount="2" result="Passed" start-time="2018-06-23 15:16:47Z" end-time="2018-06-23 15:16:47Z" duration="0.001445" total="2" passed="2" failed="0" warnings="0" inconclusive="0" skipped="0" asserts="0">
              <test-case id="0-1033" name="ShouldBuildQueryForUsersByNameAndNotName(crossql.mssqlserver.DbProvider)" fullname="crossql.tests.Unit.DbQueryTests.ShouldBuildQueryForUsersByNameAndNotName(crossql.mssqlserver.DbProvider)" methodname="ShouldBuildQueryForUsersByNameAndNotName" classname="crossql.tests.Unit.DbQueryTests" runstate="Runnable" seed="1196872158" result="Passed" start-time="2018-06-23 15:16:47Z" end-time="2018-06-23 15:16:47Z" duration="0.001154" asserts="0" />
              <test-case id="0-1034" name="ShouldBuildQueryForUsersByNameAndNotName(crossql.sqlite.DbProvider)" fullname="crossql.tests.Unit.DbQueryTests.ShouldBuildQueryForUsersByNameAndNotName(crossql.sqlite.DbProvider)" methodname="ShouldBuildQueryForUsersByNameAndNotName" classname="crossql.tests.Unit.DbQueryTests" runstate="Runnable" seed="1400971672" result="Passed" start-time="2018-06-23 15:16:47Z" end-time="2018-06-23 15:16:47Z" duration="0.000222" asserts="0" />
            </test-suite>
            <test-suite type="ParameterizedMethod" id="0-1038" name="ShouldBuildQueryForUsersByNameAndNotNameWithBrackets" fullname="crossql.tests.Unit.DbQueryTests.ShouldBuildQueryForUsersByNameAndNotNameWithBrackets" classname="crossql.tests.Unit.DbQueryTests" runstate="Runnable" testcasecount="2" result="Passed" start-time="2018-06-23 15:16:47Z" end-time="2018-06-23 15:16:47Z" duration="0.001350" total="2" passed="2" failed="0" warnings="0" inconclusive="0" skipped="0" asserts="0">
              <test-case id="0-1036" name="ShouldBuildQueryForUsersByNameAndNotNameWithBrackets(crossql.mssqlserver.DbProvider)" fullname="crossql.tests.Unit.DbQueryTests.ShouldBuildQueryForUsersByNameAndNotNameWithBrackets(crossql.mssqlserver.DbProvider)" methodname="ShouldBuildQueryForUsersByNameAndNotNameWithBrackets" classname="crossql.tests.Unit.DbQueryTests" runstate="Runnable" seed="1084012163" result="Passed" start-time="2018-06-23 15:16:47Z" end-time="2018-06-23 15:16:47Z" duration="0.001007" asserts="0" />
              <test-case id="0-1037" name="ShouldBuildQueryForUsersByNameAndNotNameWithBrackets(crossql.sqlite.DbProvider)" fullname="crossql.tests.Unit.DbQueryTests.ShouldBuildQueryForUsersByNameAndNotNameWithBrackets(crossql.sqlite.DbProvider)" methodname="ShouldBuildQueryForUsersByNameAndNotNameWithBrackets" classname="crossql.tests.Unit.DbQueryTests" runstate="Runnable" seed="1731732647" result="Passed" start-time="2018-06-23 15:16:47Z" end-time="2018-06-23 15:16:47Z" duration="0.000276" asserts="0" />
            </test-suite>
            <test-suite type="ParameterizedMethod" id="0-1041" name="ShouldBuildQueryForUsersByNameNotNull" fullname="crossql.tests.Unit.DbQueryTests.ShouldBuildQueryForUsersByNameNotNull" classname="crossql.tests.Unit.DbQueryTests" runstate="Runnable" testcasecount="2" result="Passed" start-time="2018-06-23 15:16:47Z" end-time="2018-06-23 15:16:47Z" duration="0.000642" total="2" passed="2" failed="0" warnings="0" inconclusive="0" skipped="0" asserts="0">
              <test-case id="0-1039" name="ShouldBuildQueryForUsersByNameNotNull(crossql.mssqlserver.DbProvider)" fullname="crossql.tests.Unit.DbQueryTests.ShouldBuildQueryForUsersByNameNotNull(crossql.mssqlserver.DbProvider)" methodname="ShouldBuildQueryForUsersByNameNotNull" classname="crossql.tests.Unit.DbQueryTests" runstate="Runnable" seed="263992228" result="Passed" start-time="2018-06-23 15:16:47Z" end-time="2018-06-23 15:16:47Z" duration="0.000406" asserts="0" />
              <test-case id="0-1040" name="ShouldBuildQueryForUsersByNameNotNull(crossql.sqlite.DbProvider)" fullname="crossql.tests.Unit.DbQueryTests.ShouldBuildQueryForUsersByNameNotNull(crossql.sqlite.DbProvider)" methodname="ShouldBuildQueryForUsersByNameNotNull" classname="crossql.tests.Unit.DbQueryTests" runstate="Runnable" seed="1342575280" result="Passed" start-time="2018-06-23 15:16:47Z" end-time="2018-06-23 15:16:47Z" duration="0.000171" asserts="0" />
            </test-suite>
            <test-suite type="ParameterizedMethod" id="0-1026" name="ShouldBuildQueryForUsersGettingCount" fullname="crossql.tests.Unit.DbQueryTests.ShouldBuildQueryForUsersGettingCount" classname="crossql.tests.Unit.DbQueryTests" runstate="Runnable" testcasecount="2" result="Passed" start-time="2018-06-23 15:16:47Z" end-time="2018-06-23 15:16:47Z" duration="0.001087" total="2" passed="2" failed="0" warnings="0" inconclusive="0" skipped="0" asserts="0">
              <test-case id="0-1024" name="ShouldBuildQueryForUsersGettingCount(crossql.mssqlserver.DbProvider)" fullname="crossql.tests.Unit.DbQueryTests.ShouldBuildQueryForUsersGettingCount(crossql.mssqlserver.DbProvider)" methodname="ShouldBuildQueryForUsersGettingCount" classname="crossql.tests.Unit.DbQueryTests" runstate="Runnable" seed="1651016726" result="Passed" start-time="2018-06-23 15:16:47Z" end-time="2018-06-23 15:16:47Z" duration="0.000584" asserts="0" />
              <test-case id="0-1025" name="ShouldBuildQueryForUsersGettingCount(crossql.sqlite.DbProvider)" fullname="crossql.tests.Unit.DbQueryTests.ShouldBuildQueryForUsersGettingCount(crossql.sqlite.DbProvider)" methodname="ShouldBuildQueryForUsersGettingCount" classname="crossql.tests.Unit.DbQueryTests" runstate="Runnable" seed="1936301756" result="Passed" start-time="2018-06-23 15:16:47Z" end-time="2018-06-23 15:16:47Z" duration="0.000214" asserts="0" />
            </test-suite>
            <test-suite type="ParameterizedMethod" id="0-1050" name="ShouldBuildQueryWithManyToOneRelationship" fullname="crossql.tests.Unit.DbQueryTests.ShouldBuildQueryWithManyToOneRelationship" classname="crossql.tests.Unit.DbQueryTests" runstate="Runnable" testcasecount="2" result="Passed" start-time="2018-06-23 15:16:47Z" end-time="2018-06-23 15:16:47Z" duration="0.002757" total="2" passed="2" failed="0" warnings="0" inconclusive="0" skipped="0" asserts="0">
              <test-case id="0-1048" name="ShouldBuildQueryWithManyToOneRelationship(crossql.mssqlserver.DbProvider)" fullname="crossql.tests.Unit.DbQueryTests.ShouldBuildQueryWithManyToOneRelationship(crossql.mssqlserver.DbProvider)" methodname="ShouldBuildQueryWithManyToOneRelationship" classname="crossql.tests.Unit.DbQueryTests" runstate="Runnable" seed="1469177341" result="Passed" start-time="2018-06-23 15:16:47Z" end-time="2018-06-23 15:16:47Z" duration="0.002425" asserts="0" />
              <test-case id="0-1049" name="ShouldBuildQueryWithManyToOneRelationship(crossql.sqlite.DbProvider)" fullname="crossql.tests.Unit.DbQueryTests.ShouldBuildQueryWithManyToOneRelationship(crossql.sqlite.DbProvider)" methodname="ShouldBuildQueryWithManyToOneRelationship" classname="crossql.tests.Unit.DbQueryTests" runstate="Runnable" seed="1568229902" result="Passed" start-time="2018-06-23 15:16:47Z" end-time="2018-06-23 15:16:47Z" duration="0.000260" asserts="0" />
            </test-suite>
            <test-suite type="ParameterizedMethod" id="0-1044" name="ShouldBuildQueryWithOrderByAscClause" fullname="crossql.tests.Unit.DbQueryTests.ShouldBuildQueryWithOrderByAscClause" classname="crossql.tests.Unit.DbQueryTests" runstate="Runnable" testcasecount="2" result="Passed" start-time="2018-06-23 15:16:47Z" end-time="2018-06-23 15:16:47Z" duration="0.000886" total="2" passed="2" failed="0" warnings="0" inconclusive="0" skipped="0" asserts="0">
              <test-case id="0-1042" name="ShouldBuildQueryWithOrderByAscClause(crossql.mssqlserver.DbProvider)" fullname="crossql.tests.Unit.DbQueryTests.ShouldBuildQueryWithOrderByAscClause(crossql.mssqlserver.DbProvider)" methodname="ShouldBuildQueryWithOrderByAscClause" classname="crossql.tests.Unit.DbQueryTests" runstate="Runnable" seed="1986076092" result="Passed" start-time="2018-06-23 15:16:47Z" end-time="2018-06-23 15:16:47Z" duration="0.000595" asserts="0" />
              <test-case id="0-1043" name="ShouldBuildQueryWithOrderByAscClause(crossql.sqlite.DbProvider)" fullname="crossql.tests.Unit.DbQueryTests.ShouldBuildQueryWithOrderByAscClause(crossql.sqlite.DbProvider)" methodname="ShouldBuildQueryWithOrderByAscClause" classname="crossql.tests.Unit.DbQueryTests" runstate="Runnable" seed="1559936326" result="Passed" start-time="2018-06-23 15:16:47Z" end-time="2018-06-23 15:16:47Z" duration="0.000223" asserts="0" />
            </test-suite>
            <test-suite type="ParameterizedMethod" id="0-1047" name="ShouldBuildQueryWithOrderByDescClause" fullname="crossql.tests.Unit.DbQueryTests.ShouldBuildQueryWithOrderByDescClause" classname="crossql.tests.Unit.DbQueryTests" runstate="Runnable" testcasecount="2" result="Passed" start-time="2018-06-23 15:16:47Z" end-time="2018-06-23 15:16:47Z" duration="0.000915" total="2" passed="2" failed="0" warnings="0" inconclusive="0" skipped="0" asserts="0">
              <test-case id="0-1045" name="ShouldBuildQueryWithOrderByDescClause(crossql.mssqlserver.DbProvider)" fullname="crossql.tests.Unit.DbQueryTests.ShouldBuildQueryWithOrderByDescClause(crossql.mssqlserver.DbProvider)" methodname="ShouldBuildQueryWithOrderByDescClause" classname="crossql.tests.Unit.DbQueryTests" runstate="Runnable" seed="545460432" result="Passed" start-time="2018-06-23 15:16:47Z" end-time="2018-06-23 15:16:47Z" duration="0.000627" asserts="0" />
              <test-case id="0-1046" name="ShouldBuildQueryWithOrderByDescClause(crossql.sqlite.DbProvider)" fullname="crossql.tests.Unit.DbQueryTests.ShouldBuildQueryWithOrderByDescClause(crossql.sqlite.DbProvider)" methodname="ShouldBuildQueryWithOrderByDescClause" classname="crossql.tests.Unit.DbQueryTests" runstate="Runnable" seed="417301591" result="Passed" start-time="2018-06-23 15:16:47Z" end-time="2018-06-23 15:16:47Z" duration="0.000222" asserts="0" />
            </test-suite>
            <test-suite type="ParameterizedMethod" id="0-1023" name="ShouldStripGenericMetaFromClassNameWhenBuildingQuery" fullname="crossql.tests.Unit.DbQueryTests.ShouldStripGenericMetaFromClassNameWhenBuildingQuery" classname="crossql.tests.Unit.DbQueryTests" runstate="Runnable" testcasecount="2" result="Passed" start-time="2018-06-23 15:16:47Z" end-time="2018-06-23 15:16:47Z" duration="0.000540" total="2" passed="2" failed="0" warnings="0" inconclusive="0" skipped="0" asserts="0">
              <test-case id="0-1021" name="ShouldStripGenericMetaFromClassNameWhenBuildingQuery(crossql.mssqlserver.DbProvider)" fullname="crossql.tests.Unit.DbQueryTests.ShouldStripGenericMetaFromClassNameWhenBuildingQuery(crossql.mssqlserver.DbProvider)" methodname="ShouldStripGenericMetaFromClassNameWhenBuildingQuery" classname="crossql.tests.Unit.DbQueryTests" runstate="Runnable" seed="1640583905" result="Passed" start-time="2018-06-23 15:16:47Z" end-time="2018-06-23 15:16:47Z" duration="0.000357" asserts="0" />
              <test-case id="0-1022" name="ShouldStripGenericMetaFromClassNameWhenBuildingQuery(crossql.sqlite.DbProvider)" fullname="crossql.tests.Unit.DbQueryTests.ShouldStripGenericMetaFromClassNameWhenBuildingQuery(crossql.sqlite.DbProvider)" methodname="ShouldStripGenericMetaFromClassNameWhenBuildingQuery" classname="crossql.tests.Unit.DbQueryTests" runstate="Runnable" seed="91357107" result="Passed" start-time="2018-06-23 15:16:47Z" end-time="2018-06-23 15:16:47Z" duration="0.000120" asserts="0" />
            </test-suite>
          </test-suite>
          <test-suite type="TestSuite" id="0-1195" name="Extensions" fullname="crossql.tests.Unit.Extensions" runstate="Runnable" testcasecount="3" result="Passed" start-time="2018-06-23 15:16:35Z" end-time="2018-06-23 15:16:47Z" duration="11.915811" total="3" passed="3" failed="0" warnings="0" inconclusive="0" skipped="0" asserts="3">
            <test-suite type="TestFixture" id="0-1073" name="PropertyEqualityComparerTests" fullname="crossql.tests.Unit.Extensions.PropertyEqualityComparerTests" classname="crossql.tests.Unit.Extensions.PropertyEqualityComparerTests" runstate="Runnable" testcasecount="3" result="Passed" start-time="2018-06-23 15:16:47Z" end-time="2018-06-23 15:16:47Z" duration="0.005043" total="3" passed="3" failed="0" warnings="0" inconclusive="0" skipped="0" asserts="3">
              <test-case id="0-1074" name="ShouldExcludeNewListFromOldList" fullname="crossql.tests.Unit.Extensions.PropertyEqualityComparerTests.ShouldExcludeNewListFromOldList" methodname="ShouldExcludeNewListFromOldList" classname="crossql.tests.Unit.Extensions.PropertyEqualityComparerTests" runstate="Runnable" seed="1430107345" result="Passed" start-time="2018-06-23 15:16:47Z" end-time="2018-06-23 15:16:47Z" duration="0.003419" asserts="1" />
              <test-case id="0-1075" name="ShouldExcludeOldListFromNewList" fullname="crossql.tests.Unit.Extensions.PropertyEqualityComparerTests.ShouldExcludeOldListFromNewList" methodname="ShouldExcludeOldListFromNewList" classname="crossql.tests.Unit.Extensions.PropertyEqualityComparerTests" runstate="Runnable" seed="446845986" result="Passed" start-time="2018-06-23 15:16:47Z" end-time="2018-06-23 15:16:47Z" duration="0.000298" asserts="1" />
              <test-case id="0-1076" name="ShouldNotExludeAnythingWhenComparingAListToAnEmptyList" fullname="crossql.tests.Unit.Extensions.PropertyEqualityComparerTests.ShouldNotExludeAnythingWhenComparingAListToAnEmptyList" methodname="ShouldNotExludeAnythingWhenComparingAListToAnEmptyList" classname="crossql.tests.Unit.Extensions.PropertyEqualityComparerTests" runstate="Runnable" seed="1941336371" result="Passed" start-time="2018-06-23 15:16:47Z" end-time="2018-06-23 15:16:47Z" duration="0.001137" asserts="1" />
            </test-suite>
          </test-suite>
          <test-suite type="TestFixture" id="0-1051" name="InflectionTests" fullname="crossql.tests.Unit.InflectionTests" classname="crossql.tests.Unit.InflectionTests" runstate="Runnable" testcasecount="4" result="Passed" start-time="2018-06-23 15:16:47Z" end-time="2018-06-23 15:16:47Z" duration="0.001064" total="4" passed="4" failed="0" warnings="0" inconclusive="0" skipped="0" asserts="4">
            <test-case id="0-1052" name="ShouldPluralizeCorrectly" fullname="crossql.tests.Unit.InflectionTests.ShouldPluralizeCorrectly" methodname="ShouldPluralizeCorrectly" classname="crossql.tests.Unit.InflectionTests" runstate="Runnable" seed="2034608223" result="Passed" start-time="2018-06-23 15:16:47Z" end-time="2018-06-23 15:16:47Z" duration="0.000336" asserts="1" />
            <test-case id="0-1054" name="ShouldPluralizeJoinedMedia" fullname="crossql.tests.Unit.InflectionTests.ShouldPluralizeJoinedMedia" methodname="ShouldPluralizeJoinedMedia" classname="crossql.tests.Unit.InflectionTests" runstate="Runnable" seed="2107043189" result="Passed" start-time="2018-06-23 15:16:47Z" end-time="2018-06-23 15:16:47Z" duration="0.000178" asserts="1" />
            <test-case id="0-1053" name="ShouldSingularizeCorrectly" fullname="crossql.tests.Unit.InflectionTests.ShouldSingularizeCorrectly" methodname="ShouldSingularizeCorrectly" classname="crossql.tests.Unit.InflectionTests" runstate="Runnable" seed="1114345491" result="Passed" start-time="2018-06-23 15:16:47Z" end-time="2018-06-23 15:16:47Z" duration="0.000164" asserts="1" />
            <test-case id="0-1055" name="ShouldSingularizeJoinedMedia" fullname="crossql.tests.Unit.InflectionTests.ShouldSingularizeJoinedMedia" methodname="ShouldSingularizeJoinedMedia" classname="crossql.tests.Unit.InflectionTests" runstate="Runnable" seed="1081091503" result="Passed" start-time="2018-06-23 15:16:47Z" end-time="2018-06-23 15:16:47Z" duration="0.000204" asserts="1" />
          </test-suite>
          <test-suite type="TestFixture" id="0-1056" name="JoinExpressionVisitorTests" fullname="crossql.tests.Unit.JoinExpressionVisitorTests" classname="crossql.tests.Unit.JoinExpressionVisitorTests" runstate="Runnable" testcasecount="2" result="Passed" start-time="2018-06-23 15:16:47Z" end-time="2018-06-23 15:16:47Z" duration="0.001184" total="2" passed="2" failed="0" warnings="0" inconclusive="0" skipped="0" asserts="2">
            <test-case id="0-1057" name="ShouldBuildInnerJoinExpression" fullname="crossql.tests.Unit.JoinExpressionVisitorTests.ShouldBuildInnerJoinExpression" methodname="ShouldBuildInnerJoinExpression" classname="crossql.tests.Unit.JoinExpressionVisitorTests" runstate="Runnable" seed="1662284033" result="Passed" start-time="2018-06-23 15:16:47Z" end-time="2018-06-23 15:16:47Z" duration="0.000631" asserts="1" />
            <test-case id="0-1058" name="ShouldBuildLeftJoinExpression" fullname="crossql.tests.Unit.JoinExpressionVisitorTests.ShouldBuildLeftJoinExpression" methodname="ShouldBuildLeftJoinExpression" classname="crossql.tests.Unit.JoinExpressionVisitorTests" runstate="Runnable" seed="1124113812" result="Passed" start-time="2018-06-23 15:16:47Z" end-time="2018-06-23 15:16:47Z" duration="0.000420" asserts="1" />
          </test-suite>
          <test-suite type="TestFixture" id="0-1059" name="OrderByExpressionVisitorTests" fullname="crossql.tests.Unit.OrderByExpressionVisitorTests" classname="crossql.tests.Unit.OrderByExpressionVisitorTests" runstate="Runnable" testcasecount="2" result="Passed" start-time="2018-06-23 15:16:47Z" end-time="2018-06-23 15:16:47Z" duration="0.000903" total="2" passed="2" failed="0" warnings="0" inconclusive="0" skipped="0" asserts="2">
            <test-case id="0-1060" name="ShouldBuildTheOrderExpressionFeildList" fullname="crossql.tests.Unit.OrderByExpressionVisitorTests.ShouldBuildTheOrderExpressionFeildList" methodname="ShouldBuildTheOrderExpressionFeildList" classname="crossql.tests.Unit.OrderByExpressionVisitorTests" runstate="Runnable" seed="70447755" result="Passed" start-time="2018-06-23 15:16:47Z" end-time="2018-06-23 15:16:47Z" duration="0.000410" asserts="1" />
            <test-case id="0-1061" name="ShouldBuildTheOrderExpressionFeildListForDateTime" fullname="crossql.tests.Unit.OrderByExpressionVisitorTests.ShouldBuildTheOrderExpressionFeildListForDateTime" methodname="ShouldBuildTheOrderExpressionFeildListForDateTime" classname="crossql.tests.Unit.OrderByExpressionVisitorTests" runstate="Runnable" seed="399001880" result="Passed" start-time="2018-06-23 15:16:47Z" end-time="2018-06-23 15:16:47Z" duration="0.000348" asserts="1" />
          </test-suite>
          <test-suite type="TestSuite" id="0-1194" name="ViewModelMappers" fullname="crossql.tests.Unit.ViewModelMappers" runstate="Runnable" testcasecount="0" result="Passed" start-time="2018-06-23 15:16:35Z" end-time="2018-06-23 15:16:47Z" duration="11.919037" total="0" passed="0" failed="0" warnings="0" inconclusive="0" skipped="0" asserts="0">
            <test-suite type="TestFixture" id="0-1072" name="UserViewModelMapperTests" fullname="crossql.tests.Unit.ViewModelMappers.UserViewModelMapperTests" classname="crossql.tests.Unit.ViewModelMappers.UserViewModelMapperTests" runstate="Runnable" testcasecount="0" result="Passed" start-time="2018-06-23 15:16:47Z" end-time="2018-06-23 15:16:47Z" duration="0.000007" total="0" passed="0" failed="0" warnings="0" inconclusive="0" skipped="0" asserts="0" />
          </test-suite>
          <test-suite type="TestFixture" id="0-1062" name="WhereExpressionVisitorTests" fullname="crossql.tests.Unit.WhereExpressionVisitorTests" classname="crossql.tests.Unit.WhereExpressionVisitorTests" runstate="Runnable" testcasecount="9" result="Passed" start-time="2018-06-23 15:16:47Z" end-time="2018-06-23 15:16:47Z" duration="0.009112" total="9" passed="9" failed="0" warnings="0" inconclusive="0" skipped="0" asserts="18">
            <test-case id="0-1071" name="Should_Build_Correct_Where_Clause_For_One_To_Many_Relationships" fullname="crossql.tests.Unit.WhereExpressionVisitorTests.Should_Build_Correct_Where_Clause_For_One_To_Many_Relationships" methodname="Should_Build_Correct_Where_Clause_For_One_To_Many_Relationships" classname="crossql.tests.Unit.WhereExpressionVisitorTests" runstate="Runnable" seed="411470845" result="Passed" start-time="2018-06-23 15:16:47Z" end-time="2018-06-23 15:16:47Z" duration="0.003064" asserts="2" />
            <test-case id="0-1063" name="ShouldBuildAWhereClauseWithAnOr" fullname="crossql.tests.Unit.WhereExpressionVisitorTests.ShouldBuildAWhereClauseWithAnOr" methodname="ShouldBuildAWhereClauseWithAnOr" classname="crossql.tests.Unit.WhereExpressionVisitorTests" runstate="Runnable" seed="605662396" result="Passed" start-time="2018-06-23 15:16:47Z" end-time="2018-06-23 15:16:47Z" duration="0.000846" asserts="2" />
            <test-case id="0-1064" name="ShouldBuildAWhereClauseWithSameFieldUsedMoreThanOnce" fullname="crossql.tests.Unit.WhereExpressionVisitorTests.ShouldBuildAWhereClauseWithSameFieldUsedMoreThanOnce" methodname="ShouldBuildAWhereClauseWithSameFieldUsedMoreThanOnce" classname="crossql.tests.Unit.WhereExpressionVisitorTests" runstate="Runnable" seed="1904417549" result="Passed" start-time="2018-06-23 15:16:47Z" end-time="2018-06-23 15:16:47Z" duration="0.000670" asserts="2" />
            <test-case id="0-1065" name="ShouldVisitExpressionByDateObject" fullname="crossql.tests.Unit.WhereExpressionVisitorTests.ShouldVisitExpressionByDateObject" methodname="ShouldVisitExpressionByDateObject" classname="crossql.tests.Unit.WhereExpressionVisitorTests" runstate="Runnable" seed="191829980" result="Passed" start-time="2018-06-23 15:16:47Z" end-time="2018-06-23 15:16:47Z" duration="0.000954" asserts="2" />
            <test-case id="0-1066" name="ShouldVisitExpressionByGuidObject" fullname="crossql.tests.Unit.WhereExpressionVisitorTests.ShouldVisitExpressionByGuidObject" methodname="ShouldVisitExpressionByGuidObject" classname="crossql.tests.Unit.WhereExpressionVisitorTests" runstate="Runnable" seed="750683092" result="Passed" start-time="2018-06-23 15:16:47Z" end-time="2018-06-23 15:16:47Z" duration="0.000637" asserts="2" />
            <test-case id="0-1067" name="ShouldVisitExpressionByStringLiteral" fullname="crossql.tests.Unit.WhereExpressionVisitorTests.ShouldVisitExpressionByStringLiteral" methodname="ShouldVisitExpressionByStringLiteral" classname="crossql.tests.Unit.WhereExpressionVisitorTests" runstate="Runnable" seed="2070997569" result="Passed" start-time="2018-06-23 15:16:47Z" end-time="2018-06-23 15:16:47Z" duration="0.000521" asserts="2" />
            <test-case id="0-1068" name="ShouldVisitExpressionByStringMethod" fullname="crossql.tests.Unit.WhereExpressionVisitorTests.ShouldVisitExpressionByStringMethod" methodname="ShouldVisitExpressionByStringMethod" classname="crossql.tests.Unit.WhereExpressionVisitorTests" runstate="Runnable" seed="2011796025" result="Passed" start-time="2018-06-23 15:16:47Z" end-time="2018-06-23 15:16:47Z" duration="0.000525" asserts="2" />
            <test-case id="0-1069" name="ShouldVisitExpressionByStringObject" fullname="crossql.tests.Unit.WhereExpressionVisitorTests.ShouldVisitExpressionByStringObject" methodname="ShouldVisitExpressionByStringObject" classname="crossql.tests.Unit.WhereExpressionVisitorTests" runstate="Runnable" seed="590571510" result="Passed" start-time="2018-06-23 15:16:47Z" end-time="2018-06-23 15:16:47Z" duration="0.000616" asserts="2" />
            <test-case id="0-1070" name="ShouldVisitExpressionOnPublicProperties" fullname="crossql.tests.Unit.WhereExpressionVisitorTests.ShouldVisitExpressionOnPublicProperties" methodname="ShouldVisitExpressionOnPublicProperties" classname="crossql.tests.Unit.WhereExpressionVisitorTests" runstate="Runnable" seed="866648899" result="Passed" start-time="2018-06-23 15:16:47Z" end-time="2018-06-23 15:16:47Z" duration="0.001001" asserts="2" />
          </test-suite>
        </test-suite>
      </test-suite>
    </test-suite>
  </test-suite>
</test-run>